Archive member included because of file (symbol)

/home/ahalyamandana/bin/bin/../../lib/gcc/pic32mx/4.8.3/libgcc.a(floatunsisf.o)
                              main.o (__floatunsisf)
/home/ahalyamandana/bin/bin/../../lib/gcc/pic32mx/4.8.3/../../../../pic32mx/lib/libpic32.a(default-bootstrap-exception-handler.o)
                              /home/ahalyamandana/bin/bin/../../lib/gcc/pic32mx/4.8.3/../../../../pic32mx/lib/./proc/32MX795F512H/crt0_mips32r2.o (_bootstrap_exception_handler)
/home/ahalyamandana/bin/bin/../../lib/gcc/pic32mx/4.8.3/../../../../pic32mx/lib/libpic32.a(default-on-reset.o)
                              /home/ahalyamandana/bin/bin/../../lib/gcc/pic32mx/4.8.3/../../../../pic32mx/lib/./proc/32MX795F512H/crt0_mips32r2.o (_on_reset)
/home/ahalyamandana/bin/bin/../../lib/gcc/pic32mx/4.8.3/../../../../pic32mx/lib/libpic32.a(default-on-bootstrap.o)
                              /home/ahalyamandana/bin/bin/../../lib/gcc/pic32mx/4.8.3/../../../../pic32mx/lib/./proc/32MX795F512H/crt0_mips32r2.o (_on_bootstrap)
/home/ahalyamandana/bin/bin/../../lib/gcc/pic32mx/4.8.3/../../../../pic32mx/lib/libpic32.a(default-nmi-handler.o)
                              /home/ahalyamandana/bin/bin/../../lib/gcc/pic32mx/4.8.3/../../../../pic32mx/lib/./proc/32MX795F512H/crt0_mips32r2.o (_nmi_handler)
/home/ahalyamandana/bin/bin/../../lib/gcc/pic32mx/4.8.3/../../../../pic32mx/lib/libpic32.a(general-exception.o)
                              /home/ahalyamandana/bin/bin/../../lib/gcc/pic32mx/4.8.3/../../../../pic32mx/lib/./proc/32MX795F512H/crt0_mips32r2.o (_general_exception_context)
/home/ahalyamandana/bin/bin/../../lib/gcc/pic32mx/4.8.3/../../../../pic32mx/lib/libpic32.a(vector0.o)
                              /home/ahalyamandana/bin/bin/../../lib/gcc/pic32mx/4.8.3/../../../../pic32mx/lib/./proc/32MX795F512H/default_isr_vectors.o (__vector_dispatch_0)
/home/ahalyamandana/bin/bin/../../lib/gcc/pic32mx/4.8.3/../../../../pic32mx/lib/libpic32.a(vector1.o)
                              /home/ahalyamandana/bin/bin/../../lib/gcc/pic32mx/4.8.3/../../../../pic32mx/lib/./proc/32MX795F512H/default_isr_vectors.o (__vector_dispatch_1)
/home/ahalyamandana/bin/bin/../../lib/gcc/pic32mx/4.8.3/../../../../pic32mx/lib/libpic32.a(vector2.o)
                              /home/ahalyamandana/bin/bin/../../lib/gcc/pic32mx/4.8.3/../../../../pic32mx/lib/./proc/32MX795F512H/default_isr_vectors.o (__vector_dispatch_2)
/home/ahalyamandana/bin/bin/../../lib/gcc/pic32mx/4.8.3/../../../../pic32mx/lib/libpic32.a(vector3.o)
                              /home/ahalyamandana/bin/bin/../../lib/gcc/pic32mx/4.8.3/../../../../pic32mx/lib/./proc/32MX795F512H/default_isr_vectors.o (__vector_dispatch_3)
/home/ahalyamandana/bin/bin/../../lib/gcc/pic32mx/4.8.3/../../../../pic32mx/lib/libpic32.a(vector4.o)
                              /home/ahalyamandana/bin/bin/../../lib/gcc/pic32mx/4.8.3/../../../../pic32mx/lib/./proc/32MX795F512H/default_isr_vectors.o (__vector_dispatch_4)
/home/ahalyamandana/bin/bin/../../lib/gcc/pic32mx/4.8.3/../../../../pic32mx/lib/libpic32.a(vector5.o)
                              /home/ahalyamandana/bin/bin/../../lib/gcc/pic32mx/4.8.3/../../../../pic32mx/lib/./proc/32MX795F512H/default_isr_vectors.o (__vector_dispatch_5)
/home/ahalyamandana/bin/bin/../../lib/gcc/pic32mx/4.8.3/../../../../pic32mx/lib/libpic32.a(vector6.o)
                              /home/ahalyamandana/bin/bin/../../lib/gcc/pic32mx/4.8.3/../../../../pic32mx/lib/./proc/32MX795F512H/default_isr_vectors.o (__vector_dispatch_6)
/home/ahalyamandana/bin/bin/../../lib/gcc/pic32mx/4.8.3/../../../../pic32mx/lib/libpic32.a(vector7.o)
                              /home/ahalyamandana/bin/bin/../../lib/gcc/pic32mx/4.8.3/../../../../pic32mx/lib/./proc/32MX795F512H/default_isr_vectors.o (__vector_dispatch_7)
/home/ahalyamandana/bin/bin/../../lib/gcc/pic32mx/4.8.3/../../../../pic32mx/lib/libpic32.a(vector9.o)
                              /home/ahalyamandana/bin/bin/../../lib/gcc/pic32mx/4.8.3/../../../../pic32mx/lib/./proc/32MX795F512H/default_isr_vectors.o (__vector_dispatch_9)
/home/ahalyamandana/bin/bin/../../lib/gcc/pic32mx/4.8.3/../../../../pic32mx/lib/libpic32.a(vector10.o)
                              /home/ahalyamandana/bin/bin/../../lib/gcc/pic32mx/4.8.3/../../../../pic32mx/lib/./proc/32MX795F512H/default_isr_vectors.o (__vector_dispatch_10)
/home/ahalyamandana/bin/bin/../../lib/gcc/pic32mx/4.8.3/../../../../pic32mx/lib/libpic32.a(vector11.o)
                              /home/ahalyamandana/bin/bin/../../lib/gcc/pic32mx/4.8.3/../../../../pic32mx/lib/./proc/32MX795F512H/default_isr_vectors.o (__vector_dispatch_11)
/home/ahalyamandana/bin/bin/../../lib/gcc/pic32mx/4.8.3/../../../../pic32mx/lib/libpic32.a(vector12.o)
                              /home/ahalyamandana/bin/bin/../../lib/gcc/pic32mx/4.8.3/../../../../pic32mx/lib/./proc/32MX795F512H/default_isr_vectors.o (__vector_dispatch_12)
[...]
Memory Configuration

Name             Origin             Length             Attributes
exception_mem    0x9d000000         0x00001000
kseg0_boot_mem   0x9d001000         0x00000970
kseg1_boot_mem   0xbd001970         0x00000490
kseg0_program_mem 0x9d001e00         0x0007e200         xr
debug_exec_mem   0xbfc02000         0x00000ff0
config3          0xbfc02ff0         0x00000004
config2          0xbfc02ff4         0x00000004
config1          0xbfc02ff8         0x00000004
config0          0xbfc02ffc         0x00000004
configsfrs       0xbfc02ff0         0x00000010
sfrs             0xbf800000         0x00100000
kseg1_data_mem   0xa0000000         0x00020000         w !x
*default*        0x00000000         0xffffffff

Linker script and memory map

LOAD /home/ahalyamandana/bin/bin/../../lib/gcc/pic32mx/4.8.3/../../../../pic32mx/lib/./proc/32MX795F512H/crt0_mips32r2.o
LOAD /home/ahalyamandana/bin/bin/../../lib/gcc/pic32mx/4.8.3/../../../../pic32mx/lib/debug-exception-return.o
LOAD utilities.o
LOAD encoder.o
LOAD main.o
LOAD current_controller.o
LOAD NU32.o
                0x00000400                PROVIDE (_min_stack_size, 0x400)
                0x00000000                PROVIDE (_min_heap_size, 0x0)
LOAD /home/ahalyamandana/bin/bin/../../lib/gcc/pic32mx/4.8.3/../../../../pic32mx/lib/./proc/32MX795F512H/processor.o
                0x00000001                PROVIDE (_vector_spacing, 0x1)
                0x9d000000                _ebase_address = 0x9d000000
                0xbd001970                _RESET_ADDR = 0xbd001970
                0xbd001cf0                _BEV_EXCPT_ADDR = 0xbd001cf0
                0xbd001df0                _DBG_EXCPT_ADDR = 0xbd001df0
                0xbfc02000                _DBG_CODE_ADDR = 0xbfc02000
                0x00000ff0                _DBG_CODE_SIZE = 0xff0
                0x9d000180                _GEN_EXCPT_ADDR = (_ebase_address + 0x180)

.config_BFC02FF0
                0xbfc02ff0        0x4
 *(.config_BFC02FF0)
 .config_BFC02FF0
                0xbfc02ff0        0x4 NU32.o

.config_BFC02FF4
                0xbfc02ff4        0x4
 *(.config_BFC02FF4)
 .config_BFC02FF4
                0xbfc02ff4        0x4 NU32.o

.config_BFC02FF8
                0xbfc02ff8        0x4
 *(.config_BFC02FF8)
 .config_BFC02FF8
                0xbfc02ff8        0x4 NU32.o

.config_BFC02FFC
                0xbfc02ffc        0x4
 *(.config_BFC02FFC)
 .config_BFC02FFC
                0xbfc02ffc        0x4 NU32.o
                0xbfc02000                PROVIDE (_DBG_CODE_ADDR, 0xbfc02000)
                0x00000ff0                PROVIDE (_DBG_CODE_SIZE, 0xff0)

.reset          0xbd001970      0x208
 *(.reset)
 .reset         0xbd001970        0x8 /home/ahalyamandana/bin/bin/../../lib/gcc/pic32mx/4.8.3/../../../../pic32mx/lib/./proc/32MX795F512H/crt0_mips32r2.o
                0xbd001970                _reset
 *(.reset.startup)
 .reset.startup
                0xbd001978      0x200 /home/ahalyamandana/bin/bin/../../lib/gcc/pic32mx/4.8.3/../../../../pic32mx/lib/./proc/32MX795F512H/crt0_mips32r2.o
                0xbd001978                _startup

.bev_excpt      0xbd001cf0       0x10
 *(.bev_handler)
 .bev_handler   0xbd001cf0       0x10 /home/ahalyamandana/bin/bin/../../lib/gcc/pic32mx/4.8.3/../../../../pic32mx/lib/./proc/32MX795F512H/crt0_mips32r2.o

.dbg_excpt      0xbd001df0        0x0
                0xbd001df0                . = (. + DEFINED (_DEBUGGER)?0x8:0x0)

.dbg_code       0xbfc02000        0x0
                0xbfc02000                . = (. + DEFINED (_DEBUGGER)?_DBG_CODE_SIZE:0x0)

.app_excpt      0x9d000180       0x10
 *(.gen_handler)
 .gen_handler   0x9d000180       0x10 /home/ahalyamandana/bin/bin/../../lib/gcc/pic32mx/4.8.3/../../../../pic32mx/lib/./proc/32MX795F512H/crt0_mips32r2.o

.vector_0       0x9d000200        0x8
 *(.vector_0)
 .vector_0      0x9d000200        0x8 /home/ahalyamandana/bin/bin/../../lib/gcc/pic32mx/4.8.3/../../../../pic32mx/lib/libpic32.a(vector0.o)
                0x9d000200                __vector_dispatch_0
                0x00000001                ASSERT (((_vector_spacing == 0x0) || (SIZEOF (.vector_0) <= (_vector_spacing << 0x5))), function at exception vector 0 too large)

.vector_1       0x9d000220        0x8
 *(.vector_1)
 .vector_1      0x9d000220        0x8 /home/ahalyamandana/bin/bin/../../lib/gcc/pic32mx/4.8.3/../../../../pic32mx/lib/libpic32.a(vector1.o)
                0x9d000220                __vector_dispatch_1
                0x00000001                ASSERT (((_vector_spacing == 0x0) || (SIZEOF (.vector_1) <= (_vector_spacing << 0x5))), function at exception vector 1 too large)

.vector_2       0x9d000240        0x8
 *(.vector_2)
 .vector_2      0x9d000240        0x8 /home/ahalyamandana/bin/bin/../../lib/gcc/pic32mx/4.8.3/../../../../pic32mx/lib/libpic32.a(vector2.o)
                0x9d000240                __vector_dispatch_2
                0x00000001                ASSERT (((_vector_spacing == 0x0) || (SIZEOF (.vector_2) <= (_vector_spacing << 0x5))), function at exception vector 2 too large)

.vector_3       0x9d000260        0x8
 *(.vector_3)
 .vector_3      0x9d000260        0x8 /home/ahalyamandana/bin/bin/../../lib/gcc/pic32mx/4.8.3/../../../../pic32mx/lib/libpic32.a(vector3.o)
                0x9d000260                __vector_dispatch_3
                0x00000001                ASSERT (((_vector_spacing == 0x0) || (SIZEOF (.vector_3) <= (_vector_spacing << 0x5))), function at exception vector 3 too large)

.vector_4       0x9d000280        0x8
 *(.vector_4)
 .vector_4      0x9d000280        0x8 /home/ahalyamandana/bin/bin/../../lib/gcc/pic32mx/4.8.3/../../../../pic32mx/lib/libpic32.a(vector4.o)
                0x9d000280                __vector_dispatch_4
                0x00000001                ASSERT (((_vector_spacing == 0x0) || (SIZEOF (.vector_4) <= (_vector_spacing << 0x5))), function at exception vector 4 too large)

.vector_5       0x9d0002a0        0x8
 *(.vector_5)
 .vector_5      0x9d0002a0        0x8 /home/ahalyamandana/bin/bin/../../lib/gcc/pic32mx/4.8.3/../../../../pic32mx/lib/libpic32.a(vector5.o)
                0x9d0002a0                __vector_dispatch_5
                0x00000001                ASSERT (((_vector_spacing == 0x0) || (SIZEOF (.vector_5) <= (_vector_spacing << 0x5))), function at exception vector 5 too large)

.vector_6       0x9d0002c0        0x8
 *(.vector_6)
 .vector_6      0x9d0002c0        0x8 /home/ahalyamandana/bin/bin/../../lib/gcc/pic32mx/4.8.3/../../../../pic32mx/lib/libpic32.a(vector6.o)
                0x9d0002c0                __vector_dispatch_6
                0x00000001                ASSERT (((_vector_spacing == 0x0) || (SIZEOF (.vector_6) <= (_vector_spacing << 0x5))), function at exception vector 6 too large)

.vector_7       0x9d0002e0        0x8
 *(.vector_7)
 .vector_7      0x9d0002e0        0x8 /home/ahalyamandana/bin/bin/../../lib/gcc/pic32mx/4.8.3/../../../../pic32mx/lib/libpic32.a(vector7.o)
                0x9d0002e0                __vector_dispatch_7
                0x00000001                ASSERT (((_vector_spacing == 0x0) || (SIZEOF (.vector_7) <= (_vector_spacing << 0x5))), function at exception vector 7 too large)

.vector_8       0x9d000300        0x8
 *(.vector_8)
 .vector_8      0x9d000300        0x8 main.o
                0x9d000300                __vector_dispatch_8
                0x00000001                ASSERT (((_vector_spacing == 0x0) || (SIZEOF (.vector_8) <= (_vector_spacing << 0x5))), function at exception vector 8 too large)

.vector_9       0x9d000320        0x8
 *(.vector_9)
 .vector_9      0x9d000320        0x8 /home/ahalyamandana/bin/bin/../../lib/gcc/pic32mx/4.8.3/../../../../pic32mx/lib/libpic32.a(vector9.o)
                0x9d000320                __vector_dispatch_9
                0x00000001                ASSERT (((_vector_spacing == 0x0) || (SIZEOF (.vector_9) <= (_vector_spacing << 0x5))), function at exception vector 9 too large)

.vector_10      0x9d000340        0x8
 *(.vector_10)
 .vector_10     0x9d000340        0x8 /home/ahalyamandana/bin/bin/../../lib/gcc/pic32mx/4.8.3/../../../../pic32mx/lib/libpic32.a(vector10.o)
                0x9d000340                __vector_dispatch_10
                0x00000001                ASSERT (((_vector_spacing == 0x0) || (SIZEOF (.vector_10) <= (_vector_spacing << 0x5))), function at exception vector 10 too large)

.vector_11      0x9d000360        0x8
 *(.vector_11)
 .vector_11     0x9d000360        0x8 /home/ahalyamandana/bin/bin/../../lib/gcc/pic32mx/4.8.3/../../../../pic32mx/lib/libpic32.a(vector11.o)
                0x9d000360                __vector_dispatch_11
                0x00000001                ASSERT (((_vector_spacing == 0x0) || (SIZEOF (.vector_11) <= (_vector_spacing << 0x5))), function at exception vector 11 too large)

.vector_12      0x9d000380        0x8
 *(.vector_12)
 .vector_12     0x9d000380        0x8 /home/ahalyamandana/bin/bin/../../lib/gcc/pic32mx/4.8.3/../../../../pic32mx/lib/libpic32.a(vector12.o)
                0x9d000380                __vector_dispatch_12
                0x00000001                ASSERT (((_vector_spacing == 0x0) || (SIZEOF (.vector_12) <= (_vector_spacing << 0x5))), function at exception vector 12 too large)

.vector_13      0x9d0003a0        0x8
 *(.vector_13)
 .vector_13     0x9d0003a0        0x8 /home/ahalyamandana/bin/bin/../../lib/gcc/pic32mx/4.8.3/../../../../pic32mx/lib/libpic32.a(vector13.o)
                0x9d0003a0                __vector_dispatch_13
                0x00000001                ASSERT (((_vector_spacing == 0x0) || (SIZEOF (.vector_13) <= (_vector_spacing << 0x5))), function at exception vector 13 too large)

.vector_14      0x9d0003c0        0x8
 *(.vector_14)
 .vector_14     0x9d0003c0        0x8 /home/ahalyamandana/bin/bin/../../lib/gcc/pic32mx/4.8.3/../../../../pic32mx/lib/libpic32.a(vector14.o)
                0x9d0003c0                __vector_dispatch_14
                0x00000001                ASSERT (((_vector_spacing == 0x0) || (SIZEOF (.vector_14) <= (_vector_spacing << 0x5))), function at exception vector 14 too large)

.vector_15      0x9d0003e0        0x8
 *(.vector_15)
 .vector_15     0x9d0003e0        0x8 /home/ahalyamandana/bin/bin/../../lib/gcc/pic32mx/4.8.3/../../../../pic32mx/lib/libpic32.a(vector15.o)
                0x9d0003e0                __vector_dispatch_15
                0x00000001                ASSERT (((_vector_spacing == 0x0) || (SIZEOF (.vector_15) <= (_vector_spacing << 0x5))), function at exception vector 15 too large)

.vector_16      0x9d000400        0x8
 *(.vector_16)
 .vector_16     0x9d000400        0x8 /home/ahalyamandana/bin/bin/../../lib/gcc/pic32mx/4.8.3/../../../../pic32mx/lib/libpic32.a(vector16.o)
                0x9d000400                __vector_dispatch_16
                0x00000001                ASSERT (((_vector_spacing == 0x0) || (SIZEOF (.vector_16) <= (_vector_spacing << 0x5))), function at exception vector 16 too large)

.vector_17      0x9d000420        0x8
 *(.vector_17)
 .vector_17     0x9d000420        0x8 /home/ahalyamandana/bin/bin/../../lib/gcc/pic32mx/4.8.3/../../../../pic32mx/lib/libpic32.a(vector17.o)
                0x9d000420                __vector_dispatch_17
                0x00000001                ASSERT (((_vector_spacing == 0x0) || (SIZEOF (.vector_17) <= (_vector_spacing << 0x5))), function at exception vector 17 too large)

.vector_18      0x9d000440        0x8
 *(.vector_18)
 .vector_18     0x9d000440        0x8 /home/ahalyamandana/bin/bin/../../lib/gcc/pic32mx/4.8.3/../../../../pic32mx/lib/libpic32.a(vector18.o)
                0x9d000440                __vector_dispatch_18
                0x00000001                ASSERT (((_vector_spacing == 0x0) || (SIZEOF (.vector_18) <= (_vector_spacing << 0x5))), function at exception vector 18 too large)

.vector_19      0x9d000460        0x8
 *(.vector_19)
 .vector_19     0x9d000460        0x8 /home/ahalyamandana/bin/bin/../../lib/gcc/pic32mx/4.8.3/../../../../pic32mx/lib/libpic32.a(vector19.o)
                0x9d000460                __vector_dispatch_19
                0x00000001                ASSERT (((_vector_spacing == 0x0) || (SIZEOF (.vector_19) <= (_vector_spacing << 0x5))), function at exception vector 19 too large)

.vector_20      0x9d000480        0x8
 *(.vector_20)
 .vector_20     0x9d000480        0x8 /home/ahalyamandana/bin/bin/../../lib/gcc/pic32mx/4.8.3/../../../../pic32mx/lib/libpic32.a(vector20.o)
                0x9d000480                __vector_dispatch_20
                0x00000001                ASSERT (((_vector_spacing == 0x0) || (SIZEOF (.vector_20) <= (_vector_spacing << 0x5))), function at exception vector 20 too large)

.vector_21      0x9d0004a0        0x8
 *(.vector_21)
 .vector_21     0x9d0004a0        0x8 /home/ahalyamandana/bin/bin/../../lib/gcc/pic32mx/4.8.3/../../../../pic32mx/lib/libpic32.a(vector21.o)
                0x9d0004a0                __vector_dispatch_21
                0x00000001                ASSERT (((_vector_spacing == 0x0) || (SIZEOF (.vector_21) <= (_vector_spacing << 0x5))), function at exception vector 21 too large)

.vector_22      0x9d0004c0        0x8
 *(.vector_22)
 .vector_22     0x9d0004c0        0x8 /home/ahalyamandana/bin/bin/../../lib/gcc/pic32mx/4.8.3/../../../../pic32mx/lib/libpic32.a(vector22.o)
                0x9d0004c0                __vector_dispatch_22
                0x00000001                ASSERT (((_vector_spacing == 0x0) || (SIZEOF (.vector_22) <= (_vector_spacing << 0x5))), function at exception vector 22 too large)

.vector_23      0x9d0004e0        0x8
 *(.vector_23)
 .vector_23     0x9d0004e0        0x8 /home/ahalyamandana/bin/bin/../../lib/gcc/pic32mx/4.8.3/../../../../pic32mx/lib/libpic32.a(vector23.o)
                0x9d0004e0                __vector_dispatch_23
                0x00000001                ASSERT (((_vector_spacing == 0x0) || (SIZEOF (.vector_23) <= (_vector_spacing << 0x5))), function at exception vector 23 too large)

.vector_24      0x9d000500        0x8
 *(.vector_24)
 .vector_24     0x9d000500        0x8 /home/ahalyamandana/bin/bin/../../lib/gcc/pic32mx/4.8.3/../../../../pic32mx/lib/libpic32.a(vector24.o)
                0x9d000500                __vector_dispatch_24
                0x00000001                ASSERT (((_vector_spacing == 0x0) || (SIZEOF (.vector_24) <= (_vector_spacing << 0x5))), function at exception vector 24 too large)

.vector_25      0x9d000520        0x8
 *(.vector_25)
 .vector_25     0x9d000520        0x8 /home/ahalyamandana/bin/bin/../../lib/gcc/pic32mx/4.8.3/../../../../pic32mx/lib/libpic32.a(vector25.o)
                0x9d000520                __vector_dispatch_25
                0x00000001                ASSERT (((_vector_spacing == 0x0) || (SIZEOF (.vector_25) <= (_vector_spacing << 0x5))), function at exception vector 25 too large)

.vector_26      0x9d000540        0x8
 *(.vector_26)
 .vector_26     0x9d000540        0x8 /home/ahalyamandana/bin/bin/../../lib/gcc/pic32mx/4.8.3/../../../../pic32mx/lib/libpic32.a(vector26.o)
                0x9d000540                __vector_dispatch_26
                0x00000001                ASSERT (((_vector_spacing == 0x0) || (SIZEOF (.vector_26) <= (_vector_spacing << 0x5))), function at exception vector 26 too large)

.vector_27      0x9d000560        0x8
 *(.vector_27)
 .vector_27     0x9d000560        0x8 /home/ahalyamandana/bin/bin/../../lib/gcc/pic32mx/4.8.3/../../../../pic32mx/lib/libpic32.a(vector27.o)
                0x9d000560                __vector_dispatch_27
                0x00000001                ASSERT (((_vector_spacing == 0x0) || (SIZEOF (.vector_27) <= (_vector_spacing << 0x5))), function at exception vector 27 too large)

.vector_28      0x9d000580        0x8
 *(.vector_28)
 .vector_28     0x9d000580        0x8 /home/ahalyamandana/bin/bin/../../lib/gcc/pic32mx/4.8.3/../../../../pic32mx/lib/libpic32.a(vector28.o)
                0x9d000580                __vector_dispatch_28
                0x00000001                ASSERT (((_vector_spacing == 0x0) || (SIZEOF (.vector_28) <= (_vector_spacing << 0x5))), function at exception vector 28 too large)

.vector_29      0x9d0005a0        0x8
 *(.vector_29)
 .vector_29     0x9d0005a0        0x8 /home/ahalyamandana/bin/bin/../../lib/gcc/pic32mx/4.8.3/../../../../pic32mx/lib/libpic32.a(vector29.o)
                0x9d0005a0                __vector_dispatch_29
                0x00000001                ASSERT (((_vector_spacing == 0x0) || (SIZEOF (.vector_29) <= (_vector_spacing << 0x5))), function at exception vector 29 too large)

.vector_30      0x9d0005c0        0x8
 *(.vector_30)
 .vector_30     0x9d0005c0        0x8 /home/ahalyamandana/bin/bin/../../lib/gcc/pic32mx/4.8.3/../../../../pic32mx/lib/libpic32.a(vector30.o)
                0x9d0005c0                __vector_dispatch_30
                0x00000001                ASSERT (((_vector_spacing == 0x0) || (SIZEOF (.vector_30) <= (_vector_spacing << 0x5))), function at exception vector 30 too large)

.vector_31      0x9d0005e0        0x8
 *(.vector_31)
 .vector_31     0x9d0005e0        0x8 /home/ahalyamandana/bin/bin/../../lib/gcc/pic32mx/4.8.3/../../../../pic32mx/lib/libpic32.a(vector31.o)
                0x9d0005e0                __vector_dispatch_31
                0x00000001                ASSERT (((_vector_spacing == 0x0) || (SIZEOF (.vector_31) <= (_vector_spacing << 0x5))), function at exception vector 31 too large)

.vector_32      0x9d000600        0x8
 *(.vector_32)
 .vector_32     0x9d000600        0x8 /home/ahalyamandana/bin/bin/../../lib/gcc/pic32mx/4.8.3/../../../../pic32mx/lib/libpic32.a(vector32.o)
                0x9d000600                __vector_dispatch_32
                0x00000001                ASSERT (((_vector_spacing == 0x0) || (SIZEOF (.vector_32) <= (_vector_spacing << 0x5))), function at exception vector 32 too large)

.vector_33      0x9d000620        0x8
 *(.vector_33)
 .vector_33     0x9d000620        0x8 /home/ahalyamandana/bin/bin/../../lib/gcc/pic32mx/4.8.3/../../../../pic32mx/lib/libpic32.a(vector33.o)
                0x9d000620                __vector_dispatch_33
                0x00000001                ASSERT (((_vector_spacing == 0x0) || (SIZEOF (.vector_33) <= (_vector_spacing << 0x5))), function at exception vector 33 too large)

.vector_34      0x9d000640        0x8
 *(.vector_34)
 .vector_34     0x9d000640        0x8 /home/ahalyamandana/bin/bin/../../lib/gcc/pic32mx/4.8.3/../../../../pic32mx/lib/libpic32.a(vector34.o)
                0x9d000640                __vector_dispatch_34
                0x00000001                ASSERT (((_vector_spacing == 0x0) || (SIZEOF (.vector_34) <= (_vector_spacing << 0x5))), function at exception vector 34 too large)

.vector_35      0x9d000660        0x8
 *(.vector_35)
 .vector_35     0x9d000660        0x8 /home/ahalyamandana/bin/bin/../../lib/gcc/pic32mx/4.8.3/../../../../pic32mx/lib/libpic32.a(vector35.o)
                0x9d000660                __vector_dispatch_35
                0x00000001                ASSERT (((_vector_spacing == 0x0) || (SIZEOF (.vector_35) <= (_vector_spacing << 0x5))), function at exception vector 35 too large)

.vector_36      0x9d000680        0x8
 *(.vector_36)
 .vector_36     0x9d000680        0x8 /home/ahalyamandana/bin/bin/../../lib/gcc/pic32mx/4.8.3/../../../../pic32mx/lib/libpic32.a(vector36.o)
                0x9d000680                __vector_dispatch_36
                0x00000001                ASSERT (((_vector_spacing == 0x0) || (SIZEOF (.vector_36) <= (_vector_spacing << 0x5))), function at exception vector 36 too large)

.vector_37      0x9d0006a0        0x8
 *(.vector_37)
 .vector_37     0x9d0006a0        0x8 /home/ahalyamandana/bin/bin/../../lib/gcc/pic32mx/4.8.3/../../../../pic32mx/lib/libpic32.a(vector37.o)
                0x9d0006a0                __vector_dispatch_37
                0x00000001                ASSERT (((_vector_spacing == 0x0) || (SIZEOF (.vector_37) <= (_vector_spacing << 0x5))), function at exception vector 37 too large)

.vector_38      0x9d0006c0        0x8
 *(.vector_38)
 .vector_38     0x9d0006c0        0x8 /home/ahalyamandana/bin/bin/../../lib/gcc/pic32mx/4.8.3/../../../../pic32mx/lib/libpic32.a(vector38.o)
                0x9d0006c0                __vector_dispatch_38
                0x00000001                ASSERT (((_vector_spacing == 0x0) || (SIZEOF (.vector_38) <= (_vector_spacing << 0x5))), function at exception vector 38 too large)

.vector_39      0x9d0006e0        0x8
 *(.vector_39)
 .vector_39     0x9d0006e0        0x8 /home/ahalyamandana/bin/bin/../../lib/gcc/pic32mx/4.8.3/../../../../pic32mx/lib/libpic32.a(vector39.o)
                0x9d0006e0                __vector_dispatch_39
                0x00000001                ASSERT (((_vector_spacing == 0x0) || (SIZEOF (.vector_39) <= (_vector_spacing << 0x5))), function at exception vector 39 too large)

.vector_40      0x9d000700        0x8
 *(.vector_40)
 .vector_40     0x9d000700        0x8 /home/ahalyamandana/bin/bin/../../lib/gcc/pic32mx/4.8.3/../../../../pic32mx/lib/libpic32.a(vector40.o)
                0x9d000700                __vector_dispatch_40
                0x00000001                ASSERT (((_vector_spacing == 0x0) || (SIZEOF (.vector_40) <= (_vector_spacing << 0x5))), function at exception vector 40 too large)

.vector_41      0x9d000720        0x8
 *(.vector_41)
 .vector_41     0x9d000720        0x8 /home/ahalyamandana/bin/bin/../../lib/gcc/pic32mx/4.8.3/../../../../pic32mx/lib/libpic32.a(vector41.o)
                0x9d000720                __vector_dispatch_41
                0x00000001                ASSERT (((_vector_spacing == 0x0) || (SIZEOF (.vector_41) <= (_vector_spacing << 0x5))), function at exception vector 41 too large)

.vector_42      0x9d000740        0x8
 *(.vector_42)
 .vector_42     0x9d000740        0x8 /home/ahalyamandana/bin/bin/../../lib/gcc/pic32mx/4.8.3/../../../../pic32mx/lib/libpic32.a(vector42.o)
                0x9d000740                __vector_dispatch_42
                0x00000001                ASSERT (((_vector_spacing == 0x0) || (SIZEOF (.vector_42) <= (_vector_spacing << 0x5))), function at exception vector 42 too large)

.vector_43      0x9d000760        0x8
 *(.vector_43)
 .vector_43     0x9d000760        0x8 /home/ahalyamandana/bin/bin/../../lib/gcc/pic32mx/4.8.3/../../../../pic32mx/lib/libpic32.a(vector43.o)
                0x9d000760                __vector_dispatch_43
                0x00000001                ASSERT (((_vector_spacing == 0x0) || (SIZEOF (.vector_43) <= (_vector_spacing << 0x5))), function at exception vector 43 too large)

.vector_44      0x9d000780        0x8
 *(.vector_44)
 .vector_44     0x9d000780        0x8 /home/ahalyamandana/bin/bin/../../lib/gcc/pic32mx/4.8.3/../../../../pic32mx/lib/libpic32.a(vector44.o)
                0x9d000780                __vector_dispatch_44
                0x00000001                ASSERT (((_vector_spacing == 0x0) || (SIZEOF (.vector_44) <= (_vector_spacing << 0x5))), function at exception vector 44 too large)

.vector_45      0x9d0007a0        0x8
 *(.vector_45)
 .vector_45     0x9d0007a0        0x8 /home/ahalyamandana/bin/bin/../../lib/gcc/pic32mx/4.8.3/../../../../pic32mx/lib/libpic32.a(vector45.o)
                0x9d0007a0                __vector_dispatch_45
                0x00000001                ASSERT (((_vector_spacing == 0x0) || (SIZEOF (.vector_45) <= (_vector_spacing << 0x5))), function at exception vector 45 too large)

.vector_46      0x9d0007c0        0x8
 *(.vector_46)
 .vector_46     0x9d0007c0        0x8 /home/ahalyamandana/bin/bin/../../lib/gcc/pic32mx/4.8.3/../../../../pic32mx/lib/libpic32.a(vector46.o)
                0x9d0007c0                __vector_dispatch_46
                0x00000001                ASSERT (((_vector_spacing == 0x0) || (SIZEOF (.vector_46) <= (_vector_spacing << 0x5))), function at exception vector 46 too large)

.vector_47      0x9d0007e0        0x8
 *(.vector_47)
 .vector_47     0x9d0007e0        0x8 /home/ahalyamandana/bin/bin/../../lib/gcc/pic32mx/4.8.3/../../../../pic32mx/lib/libpic32.a(vector47.o)
                0x9d0007e0                __vector_dispatch_47
                0x00000001                ASSERT (((_vector_spacing == 0x0) || (SIZEOF (.vector_47) <= (_vector_spacing << 0x5))), function at exception vector 47 too large)

.vector_48      0x9d000800        0x8
 *(.vector_48)
 .vector_48     0x9d000800        0x8 /home/ahalyamandana/bin/bin/../../lib/gcc/pic32mx/4.8.3/../../../../pic32mx/lib/libpic32.a(vector48.o)
                0x9d000800                __vector_dispatch_48
                0x00000001                ASSERT (((_vector_spacing == 0x0) || (SIZEOF (.vector_48) <= (_vector_spacing << 0x5))), function at exception vector 48 too large)

.vector_49      0x9d000820        0x8
 *(.vector_49)
 .vector_49     0x9d000820        0x8 /home/ahalyamandana/bin/bin/../../lib/gcc/pic32mx/4.8.3/../../../../pic32mx/lib/libpic32.a(vector49.o)
                0x9d000820                __vector_dispatch_49
                0x00000001                ASSERT (((_vector_spacing == 0x0) || (SIZEOF (.vector_49) <= (_vector_spacing << 0x5))), function at exception vector 49 too large)

.vector_50      0x9d000840        0x8
 *(.vector_50)
 .vector_50     0x9d000840        0x8 /home/ahalyamandana/bin/bin/../../lib/gcc/pic32mx/4.8.3/../../../../pic32mx/lib/libpic32.a(vector50.o)
                0x9d000840                __vector_dispatch_50
                0x00000001                ASSERT (((_vector_spacing == 0x0) || (SIZEOF (.vector_50) <= (_vector_spacing << 0x5))), function at exception vector 50 too large)

.vector_51      0x9d000860        0x8
 *(.vector_51)
 .vector_51     0x9d000860        0x8 /home/ahalyamandana/bin/bin/../../lib/gcc/pic32mx/4.8.3/../../../../pic32mx/lib/libpic32.a(vector51.o)
                0x9d000860                __vector_dispatch_51
                0x00000001                ASSERT (((_vector_spacing == 0x0) || (SIZEOF (.vector_51) <= (_vector_spacing << 0x5))), function at exception vector 51 too large)

.vector_52      0x9d000880        0x0
 *(.vector_52)
                0x00000001                ASSERT (((_vector_spacing == 0x0) || (SIZEOF (.vector_52) <= (_vector_spacing << 0x5))), function at exception vector 52 too large)

.vector_53      0x9d0008a0        0x0
 *(.vector_53)
                0x00000001                ASSERT (((_vector_spacing == 0x0) || (SIZEOF (.vector_53) <= (_vector_spacing << 0x5))), function at exception vector 53 too large)

.vector_54      0x9d0008c0        0x0
 *(.vector_54)
                0x00000001                ASSERT (((_vector_spacing == 0x0) || (SIZEOF (.vector_54) <= (_vector_spacing << 0x5))), function at exception vector 54 too large)

.vector_55      0x9d0008e0        0x0
 *(.vector_55)
                0x00000001                ASSERT (((_vector_spacing == 0x0) || (SIZEOF (.vector_55) <= (_vector_spacing << 0x5))), function at exception vector 55 too large)

.vector_56      0x9d000900        0x0
 *(.vector_56)
                0x00000001                ASSERT (((_vector_spacing == 0x0) || (SIZEOF (.vector_56) <= (_vector_spacing << 0x5))), function at exception vector 56 too large)

.vector_57      0x9d000920        0x0
 *(.vector_57)
                0x00000001                ASSERT (((_vector_spacing == 0x0) || (SIZEOF (.vector_57) <= (_vector_spacing << 0x5))), function at exception vector 57 too large)

.vector_58      0x9d000940        0x0
 *(.vector_58)
                0x00000001                ASSERT (((_vector_spacing == 0x0) || (SIZEOF (.vector_58) <= (_vector_spacing << 0x5))), function at exception vector 58 too large)

.vector_59      0x9d000960        0x0
 *(.vector_59)
                0x00000001                ASSERT (((_vector_spacing == 0x0) || (SIZEOF (.vector_59) <= (_vector_spacing << 0x5))), function at exception vector 59 too large)

.vector_60      0x9d000980        0x0
 *(.vector_60)
                0x00000001                ASSERT (((_vector_spacing == 0x0) || (SIZEOF (.vector_60) <= (_vector_spacing << 0x5))), function at exception vector 60 too large)

.vector_61      0x9d0009a0        0x0
 *(.vector_61)
                0x00000001                ASSERT (((_vector_spacing == 0x0) || (SIZEOF (.vector_61) <= (_vector_spacing << 0x5))), function at exception vector 61 too large)

.vector_62      0x9d0009c0        0x0
 *(.vector_62)
                0x00000001                ASSERT (((_vector_spacing == 0x0) || (SIZEOF (.vector_62) <= (_vector_spacing << 0x5))), function at exception vector 62 too large)

.vector_63      0x9d0009e0        0x0
 *(.vector_63)
                0x00000001                ASSERT (((_vector_spacing == 0x0) || (SIZEOF (.vector_63) <= (_vector_spacing << 0x5))), function at exception vector 63 too large)

.startup
 *(.startup)

.text
 *(.stub .gnu.linkonce.t.*)
 *(.text.*personality*)
 *(.mips16.fn.*)
 *(.mips16.call.*)
 *(.gnu.warning)

.rodata         0x9d001e00        0x0
 *(.rodata.* .gnu.linkonce.r.*)
 *(.rodata1)
                0x9d001e00                . = ALIGN (0x4)

.sdata2         0x9d001000        0x0
 *(.sdata2 .sdata2.* .gnu.linkonce.s2.*)
                0x9d001000                . = ALIGN (0x4)

.sbss2          0x9d001000        0x0
 *(.sbss2 .sbss2.* .gnu.linkonce.sb2.*)
                0x9d001000                . = ALIGN (0x4)

.eh_frame_hdr
 *(.eh_frame_hdr)

.eh_frame
 *(.eh_frame)

.dbg_data       0xa0000000        0x0
                0xa0000000                . = (. + DEFINED (_DEBUGGER)?0x200:0x0)

.persist        0xa0000000        0x0
                0xa0000000                _persist_begin = .
 *(.persist .persist.*)
                0xa0000000                . = ALIGN (0x4)
                0xa0000000                _persist_end = .

.eh_frame
 *(.eh_frame)
                0xa0000000                . = .
                0xa0007ff0                _gp = (ALIGN (0x10) + 0x7ff0)

.got
 *(.got.plt)
 *(.got)

.sdata          0xa0000000        0x8
                0xa0000000                _sdata_begin = .
 *(.sdata .sdata.* .gnu.linkonce.s.*)
 .sdata         0xa0000000        0x4 /home/ahalyamandana/bin/bin/../../lib/gcc/pic32mx/4.8.3/../../../../pic32mx/lib/liblega-c.a(_iobdata.o)
                0xa0000000                _libc_data
 .sdata         0xa0000004        0x4 /home/ahalyamandana/bin/bin/../../lib/gcc/pic32mx/4.8.3/../../../../pic32mx/lib/libpic32.a(xc32_uart.o)
                0xa0000004                __XC_UART
                0xa0000008                _sdata_end = .

.lit8
 *(.lit8)

.lit4
 *(.lit4)
                0xa0000008                . = ALIGN (0x4)
                0xa0000008                _data_end = .
                0xa0000008                _bss_begin = .

.sbss           0xa0000008        0xc
                0xa0000008                _sbss_begin = .
 *(.dynsbss)
 *(.sbss .sbss.* .gnu.linkonce.sb.*)
 .sbss          0xa0000008        0x4 utilities.o
 .sbss          0xa000000c        0x4 main.o
 .sbss          0xa0000010        0x4 /home/ahalyamandana/bin/bin/../../lib/gcc/pic32mx/4.8.3/../../../../pic32mx/lib/liblega-c.a(errno.o)
                0xa0000010                errno
 *(.scommon)
                0xa0000014                _sbss_end = .

.bss            0xa0000014        0x0
 *(.dynbss)
 *(COMMON)
                0xa0000014                . = ALIGN (0x4)
                0xa0000014                . = ALIGN (0x4)
                0xa0000014                _end = .
                0xa0000014                _bss_end = .
                0x00020000                _bmxdudba_address = 0x20000
                0x00020000                _bmxdupba_address = 0x20000

/DISCARD/
 *(.pdr)
 *(.reginfo)
 *(.rel.dyn)
 *(.note.GNU-stack)
 *(.note.GNU-stack)
 *(.gnu_debuglink)
 *(.gnu.lto_*)
 *(.discard)

.stab
 *(.stab)

.stabstr
 *(.stabstr)

.stab.excl
 *(.stab.excl)

.stab.exclstr
 *(.stab.exclstr)

.stab.index
 *(.stab.index)

.stab.indexstr
 *(.stab.indexstr)

.comment        0x00000000      0xae1
 *(.comment)
 .comment       0x00000000       0x3c utilities.o
                                 0x3d (size before relaxing)
 .comment       0x00000000       0x3d encoder.o
 .comment       0x00000000       0x3d main.o
 .comment       0x00000000       0x3d current_controller.o
 .comment       0x00000000       0x3d NU32.o
 .comment       0x00000000       0x3d /home/ahalyamandana/bin/bin/../../lib/gcc/pic32mx/4.8.3/libgcc.a(floatunsisf.o)
 .comment       0x00000000       0x3d /home/ahalyamandana/bin/bin/../../lib/gcc/pic32mx/4.8.3/../../../../pic32mx/lib/libpic32.a(default-bootstrap-exception-handler.o)
 .comment       0x00000000       0x3d /home/ahalyamandana/bin/bin/../../lib/gcc/pic32mx/4.8.3/../../../../pic32mx/lib/libpic32.a(default-on-reset.o)
 .comment       0x00000000       0x3d /home/ahalyamandana/bin/bin/../../lib/gcc/pic32mx/4.8.3/../../../../pic32mx/lib/libpic32.a(default-on-bootstrap.o)
 .comment       0x00000000       0x3d /home/ahalyamandana/bin/bin/../../lib/gcc/pic32mx/4.8.3/../../../../pic32mx/lib/libpic32.a(default-general-exception-handler.o)
 .comment       0x00000000       0x3d /home/ahalyamandana/bin/bin/../../lib/gcc/pic32mx/4.8.3/../../../../pic32mx/lib/libpic32.a(defaultinterrupt.o)
 .comment       0x0000003c       0x52 /home/ahalyamandana/bin/bin/../../lib/gcc/pic32mx/4.8.3/../../../../pic32mx/lib/liblega-c.a(sprintf_cdfFnopuxX.eo)
                                 0x8f (size before relaxing)
 .comment       0x0000008e       0x51 /home/ahalyamandana/bin/bin/../../lib/gcc/pic32mx/4.8.3/../../../../pic32mx/lib/liblega-c.a(sscanf_cdnopuxX.eo)
                                 0x8e (size before relaxing)
 .comment       0x000000df       0x4f /home/ahalyamandana/bin/bin/../../lib/gcc/pic32mx/4.8.3/../../../../pic32mx/lib/liblega-c.a(strlen.o)
                                 0x8c (size before relaxing)
 .comment       0x0000012e       0x52 /home/ahalyamandana/bin/bin/../../lib/gcc/pic32mx/4.8.3/../../../../pic32mx/lib/liblega-c.a(_doprnt_cdfFnopuxX.eo)
                                 0x8f (size before relaxing)
 .comment       0x00000180       0x53 /home/ahalyamandana/bin/bin/../../lib/gcc/pic32mx/4.8.3/../../../../pic32mx/lib/liblega-c.a(_iobdata.o)
                                 0x90 (size before relaxing)
 .comment       0x000001d3       0x54 /home/ahalyamandana/bin/bin/../../lib/gcc/pic32mx/4.8.3/../../../../pic32mx/lib/liblega-c.a(_iobfuncs.o)
                                 0x91 (size before relaxing)
 .comment       0x00000227       0x55 /home/ahalyamandana/bin/bin/../../lib/gcc/pic32mx/4.8.3/../../../../pic32mx/lib/liblega-c.a(_iobstring.o)
                                 0x92 (size before relaxing)
 .comment       0x0000027c       0x50 /home/ahalyamandana/bin/bin/../../lib/gcc/pic32mx/4.8.3/../../../../pic32mx/lib/liblega-c.a(fputc.o)
                                 0x8d (size before relaxing)
 .comment       0x000002cc       0x52 /home/ahalyamandana/bin/bin/../../lib/gcc/pic32mx/4.8.3/../../../../pic32mx/lib/liblega-c.a(_doscan.o)
                                 0x8f (size before relaxing)
 .comment       0x0000031e       0x4e /home/ahalyamandana/bin/bin/../../lib/gcc/pic32mx/4.8.3/../../../../pic32mx/lib/liblega-c.a(stubs.o)
                                 0x8b (size before relaxing)
 .comment       0x0000036c       0x4f /home/ahalyamandana/bin/bin/../../lib/gcc/pic32mx/4.8.3/../../../../pic32mx/lib/liblega-c.a(strchr.o)
                                 0x8c (size before relaxing)
 .comment       0x000003bb       0x4f /home/ahalyamandana/bin/bin/../../lib/gcc/pic32mx/4.8.3/../../../../pic32mx/lib/liblega-c.a(memset.o)
                                 0x8c (size before relaxing)
 .comment       0x0000040a       0x4e /home/ahalyamandana/bin/bin/../../lib/gcc/pic32mx/4.8.3/../../../../pic32mx/lib/liblega-c.a(ctype.o)
                                 0x8b (size before relaxing)
 .comment       0x00000000       0x3d /home/ahalyamandana/bin/bin/../../lib/gcc/pic32mx/4.8.3/../../../../pic32mx/lib/liblega-c.a(malloc.o)
 .comment       0x00000000       0x3d /home/ahalyamandana/bin/bin/../../lib/gcc/pic32mx/4.8.3/../../../../pic32mx/lib/liblega-c.a(malloc_realloc.o)
 .comment       0x00000458       0x4e /home/ahalyamandana/bin/bin/../../lib/gcc/pic32mx/4.8.3/../../../../pic32mx/lib/liblega-c.a(errno.o)
                                 0x8b (size before relaxing)
 .comment       0x000004a6       0x4f /home/ahalyamandana/bin/bin/../../lib/gcc/pic32mx/4.8.3/../../../../pic32mx/lib/liblega-c.a(strtol.o)
                                 0x8c (size before relaxing)
 .comment       0x000004f5       0x50 /home/ahalyamandana/bin/bin/../../lib/gcc/pic32mx/4.8.3/../../../../pic32mx/lib/liblega-c.a(strtoul.o)
                                 0x8d (size before relaxing)
 .comment       0x00000545       0x50 /home/ahalyamandana/bin/bin/../../lib/gcc/pic32mx/4.8.3/../../../../pic32mx/lib/liblega-c.a(strtoll.o)
                                 0x8d (size before relaxing)
 .comment       0x00000595       0x51 /home/ahalyamandana/bin/bin/../../lib/gcc/pic32mx/4.8.3/../../../../pic32mx/lib/liblega-c.a(strtoull.o)
                                 0x8e (size before relaxing)
 .comment       0x000005e6       0x4f /home/ahalyamandana/bin/bin/../../lib/gcc/pic32mx/4.8.3/../../../../pic32mx/lib/liblega-c.a(strtod.o)
                                 0x8c (size before relaxing)
 .comment       0x00000000       0x8c /home/ahalyamandana/bin/bin/../../lib/gcc/pic32mx/4.8.3/../../../../pic32mx/lib/liblega-c.a(strtof.o)
 .comment       0x00000635       0x51 /home/ahalyamandana/bin/bin/../../lib/gcc/pic32mx/4.8.3/../../../../pic32mx/lib/liblega-c.a(fullexit.o)
                                 0x8e (size before relaxing)
 .comment       0x00000686       0x50 /home/ahalyamandana/bin/bin/../../lib/gcc/pic32mx/4.8.3/../../../../pic32mx/lib/liblega-c.a(fgetc.o)
                                 0x8d (size before relaxing)
 .comment       0x000006d6       0x51 /home/ahalyamandana/bin/bin/../../lib/gcc/pic32mx/4.8.3/../../../../pic32mx/lib/liblega-c.a(ungetc.o)
                                 0x8e (size before relaxing)
 .comment       0x00000727       0x50 /home/ahalyamandana/bin/bin/../../lib/gcc/pic32mx/4.8.3/../../../../pic32mx/lib/liblega-c.a(memmove.o)
                                 0x8d (size before relaxing)
 .comment       0x00000777       0x4f /home/ahalyamandana/bin/bin/../../lib/gcc/pic32mx/4.8.3/../../../../pic32mx/lib/liblega-c.a(memcpy.o)
                                 0x8c (size before relaxing)
 .comment       0x000007c6       0x52 /home/ahalyamandana/bin/bin/../../lib/gcc/pic32mx/4.8.3/../../../../pic32mx/lib/liblega-c.a(_ioinit.o)
                                 0x8f (size before relaxing)
 .comment       0x00000818       0x51 /home/ahalyamandana/bin/bin/../../lib/gcc/pic32mx/4.8.3/../../../../pic32mx/lib/liblega-c.a(_cleanup.o)
                                 0x8e (size before relaxing)
 .comment       0x00000869       0x53 /home/ahalyamandana/bin/bin/../../lib/gcc/pic32mx/4.8.3/../../../../pic32mx/lib/liblega-c.a(_bufproc.o)
                                 0x90 (size before relaxing)
 .comment       0x000008bc       0x9d /home/ahalyamandana/bin/bin/../../lib/gcc/pic32mx/4.8.3/../../../../pic32mx/lib/libm.a(__strtod.o)
                                 0xda (size before relaxing)
 .comment       0x00000959       0x4f /home/ahalyamandana/bin/bin/../../lib/gcc/pic32mx/4.8.3/../../../../pic32mx/lib/libm.a(__strtof.o)
                                 0xda (size before relaxing)
 .comment       0x000009a8       0x50 /home/ahalyamandana/bin/bin/../../lib/gcc/pic32mx/4.8.3/../../../../pic32mx/lib/libe.a(_ldexp.o)
                                 0xdb (size before relaxing)
 .comment       0x000009f8       0x50 /home/ahalyamandana/bin/bin/../../lib/gcc/pic32mx/4.8.3/../../../../pic32mx/lib/libe.a(_ldexpf.o)
                                 0xdb (size before relaxing)
 .comment       0x00000000       0x3d /home/ahalyamandana/bin/bin/../../lib/gcc/pic32mx/4.8.3/libgcc.a(_lshrdi3.o)
 .comment       0x00000000       0x3d /home/ahalyamandana/bin/bin/../../lib/gcc/pic32mx/4.8.3/libgcc.a(_ashldi3.o)
 .comment       0x00000000       0x3d /home/ahalyamandana/bin/bin/../../lib/gcc/pic32mx/4.8.3/libgcc.a(_divdi3.o)
 .comment       0x00000000       0x3d /home/ahalyamandana/bin/bin/../../lib/gcc/pic32mx/4.8.3/libgcc.a(_udivdi3.o)
 .comment       0x00000000       0x3d /home/ahalyamandana/bin/bin/../../lib/gcc/pic32mx/4.8.3/libgcc.a(_umoddi3.o)
 .comment       0x00000a48       0x4b /home/ahalyamandana/bin/bin/../../lib/gcc/pic32mx/4.8.3/../../../../pic32mx/lib/libpic32.a(sbrk.o)
                                 0x88 (size before relaxing)
 .comment       0x00000000       0x3d /home/ahalyamandana/bin/bin/../../lib/gcc/pic32mx/4.8.3/../../../../pic32mx/lib/libpic32.a(_exit.o)
 .comment       0x00000a93       0x4e /home/ahalyamandana/bin/bin/../../lib/gcc/pic32mx/4.8.3/../../../../pic32mx/lib/libpic32.a(isatty.o)
                                 0x8b (size before relaxing)
 .comment       0x00000000       0x3d /home/ahalyamandana/bin/bin/../../lib/gcc/pic32mx/4.8.3/../../../../pic32mx/lib/libpic32.a(_mon_getc.o)
 .comment       0x00000000       0x3d /home/ahalyamandana/bin/bin/../../lib/gcc/pic32mx/4.8.3/../../../../pic32mx/lib/libpic32.a(_mon_write.o)
 .comment       0x00000000       0x3d /home/ahalyamandana/bin/bin/../../lib/gcc/pic32mx/4.8.3/../../../../pic32mx/lib/libpic32.a(xc32_uart.o)
 .comment       0x00000000       0x3d /home/ahalyamandana/bin/bin/../../lib/gcc/pic32mx/4.8.3/../../../../pic32mx/lib/libpic32.a(_mon_putc.o)

.debug
 *(.debug)

.line
 *(.line)

.debug_srcinfo
 *(.debug_srcinfo)

.debug_sfnames
 *(.debug_sfnames)

.debug_aranges  0x00000000      0x360
 *(.debug_aranges)
 .debug_aranges
                0x00000000       0x20 utilities.o
 .debug_aranges
                0x00000020       0x20 encoder.o
 .debug_aranges
                0x00000040       0x20 main.o
 .debug_aranges
                0x00000060       0x20 current_controller.o
 .debug_aranges
                0x00000080       0x20 NU32.o
 .debug_aranges
                0x000000a0       0x20 /home/ahalyamandana/bin/bin/../../lib/gcc/pic32mx/4.8.3/libgcc.a(floatunsisf.o)
 .debug_aranges
                0x000000c0       0x20 /home/ahalyamandana/bin/bin/../../lib/gcc/pic32mx/4.8.3/../../../../pic32mx/lib/libpic32.a(default-bootstrap-exception-handler.o)
 .debug_aranges
                0x000000e0       0x20 /home/ahalyamandana/bin/bin/../../lib/gcc/pic32mx/4.8.3/../../../../pic32mx/lib/libpic32.a(default-on-reset.o)
 .debug_aranges
                0x00000100       0x20 /home/ahalyamandana/bin/bin/../../lib/gcc/pic32mx/4.8.3/../../../../pic32mx/lib/libpic32.a(default-on-bootstrap.o)
 .debug_aranges
                0x00000120       0x20 /home/ahalyamandana/bin/bin/../../lib/gcc/pic32mx/4.8.3/../../../../pic32mx/lib/libpic32.a(default-general-exception-handler.o)
 .debug_aranges
                0x00000140       0x20 /home/ahalyamandana/bin/bin/../../lib/gcc/pic32mx/4.8.3/../../../../pic32mx/lib/libpic32.a(defaultinterrupt.o)
 .debug_aranges
                0x00000160       0x20 /home/ahalyamandana/bin/bin/../../lib/gcc/pic32mx/4.8.3/../../../../pic32mx/lib/libm.a(__strtod.o)
 .debug_aranges
                0x00000180       0x20 /home/ahalyamandana/bin/bin/../../lib/gcc/pic32mx/4.8.3/../../../../pic32mx/lib/libm.a(__strtof.o)
 .debug_aranges
                0x000001a0       0x20 /home/ahalyamandana/bin/bin/../../lib/gcc/pic32mx/4.8.3/../../../../pic32mx/lib/libe.a(_ldexp.o)
 .debug_aranges
                0x000001c0       0x20 /home/ahalyamandana/bin/bin/../../lib/gcc/pic32mx/4.8.3/../../../../pic32mx/lib/libe.a(_ldexpf.o)
 .debug_aranges
                0x000001e0       0x20 /home/ahalyamandana/bin/bin/../../lib/gcc/pic32mx/4.8.3/libgcc.a(_lshrdi3.o)
 .debug_aranges
                0x00000200       0x20 /home/ahalyamandana/bin/bin/../../lib/gcc/pic32mx/4.8.3/libgcc.a(_ashldi3.o)
 .debug_aranges
                0x00000220       0x20 /home/ahalyamandana/bin/bin/../../lib/gcc/pic32mx/4.8.3/libgcc.a(_divdi3.o)
 .debug_aranges
                0x00000240       0x20 /home/ahalyamandana/bin/bin/../../lib/gcc/pic32mx/4.8.3/libgcc.a(_udivdi3.o)
 .debug_aranges
                0x00000260       0x20 /home/ahalyamandana/bin/bin/../../lib/gcc/pic32mx/4.8.3/libgcc.a(_umoddi3.o)
 .debug_aranges
                0x00000280       0x40 /home/ahalyamandana/bin/bin/../../lib/gcc/pic32mx/4.8.3/../../../../pic32mx/lib/libpic32.a(sbrk.o)
 .debug_aranges
                0x000002c0       0x20 /home/ahalyamandana/bin/bin/../../lib/gcc/pic32mx/4.8.3/../../../../pic32mx/lib/libpic32.a(_exit.o)
 .debug_aranges
                0x000002e0       0x20 /home/ahalyamandana/bin/bin/../../lib/gcc/pic32mx/4.8.3/../../../../pic32mx/lib/libpic32.a(isatty.o)
 .debug_aranges
                0x00000300       0x20 /home/ahalyamandana/bin/bin/../../lib/gcc/pic32mx/4.8.3/../../../../pic32mx/lib/libpic32.a(_mon_getc.o)
 .debug_aranges
                0x00000320       0x20 /home/ahalyamandana/bin/bin/../../lib/gcc/pic32mx/4.8.3/../../../../pic32mx/lib/libpic32.a(_mon_write.o)
 .debug_aranges
                0x00000340       0x20 /home/ahalyamandana/bin/bin/../../lib/gcc/pic32mx/4.8.3/../../../../pic32mx/lib/libpic32.a(_mon_putc.o)

.debug_pubnames
 *(.debug_pubnames)

.debug_info     0x00000000     0x6264
 *(.debug_info .gnu.linkonce.wi.*)
 .debug_info    0x00000000      0x129 utilities.o
 .debug_info    0x00000129      0x51d encoder.o
 .debug_info    0x00000646     0x14b4 main.o
 .debug_info    0x00001afa     0x11a5 current_controller.o
 .debug_info    0x00002c9f      0xa91 NU32.o
 .debug_info    0x00003730      0x12f /home/ahalyamandana/bin/bin/../../lib/gcc/pic32mx/4.8.3/libgcc.a(floatunsisf.o)
 .debug_info    0x0000385f       0xf5 /home/ahalyamandana/bin/bin/../../lib/gcc/pic32mx/4.8.3/../../../../pic32mx/lib/libpic32.a(default-bootstrap-exception-handler.o)
 .debug_info    0x00003954       0xce /home/ahalyamandana/bin/bin/../../lib/gcc/pic32mx/4.8.3/../../../../pic32mx/lib/libpic32.a(default-on-reset.o)
 .debug_info    0x00003a22       0xd6 /home/ahalyamandana/bin/bin/../../lib/gcc/pic32mx/4.8.3/../../../../pic32mx/lib/libpic32.a(default-on-bootstrap.o)
 .debug_info    0x00003af8       0xf1 /home/ahalyamandana/bin/bin/../../lib/gcc/pic32mx/4.8.3/../../../../pic32mx/lib/libpic32.a(default-general-exception-handler.o)
 .debug_info    0x00003be9       0xe8 /home/ahalyamandana/bin/bin/../../lib/gcc/pic32mx/4.8.3/../../../../pic32mx/lib/libpic32.a(defaultinterrupt.o)
 .debug_info    0x00003cd1       0xd9 /home/ahalyamandana/bin/bin/../../lib/gcc/pic32mx/4.8.3/../../../../pic32mx/lib/libm.a(__strtod.o)
 .debug_info    0x00003daa       0xd9 /home/ahalyamandana/bin/bin/../../lib/gcc/pic32mx/4.8.3/../../../../pic32mx/lib/libm.a(__strtof.o)
 .debug_info    0x00003e83       0xda /home/ahalyamandana/bin/bin/../../lib/gcc/pic32mx/4.8.3/../../../../pic32mx/lib/libe.a(_ldexp.o)
 .debug_info    0x00003f5d       0xda /home/ahalyamandana/bin/bin/../../lib/gcc/pic32mx/4.8.3/../../../../pic32mx/lib/libe.a(_ldexpf.o)
 .debug_info    0x00004037      0x330 /home/ahalyamandana/bin/bin/../../lib/gcc/pic32mx/4.8.3/libgcc.a(_lshrdi3.o)
 .debug_info    0x00004367      0x333 /home/ahalyamandana/bin/bin/../../lib/gcc/pic32mx/4.8.3/libgcc.a(_ashldi3.o)
 .debug_info    0x0000469a      0x7a3 /home/ahalyamandana/bin/bin/../../lib/gcc/pic32mx/4.8.3/libgcc.a(_divdi3.o)
 .debug_info    0x00004e3d      0x76f /home/ahalyamandana/bin/bin/../../lib/gcc/pic32mx/4.8.3/libgcc.a(_udivdi3.o)
 .debug_info    0x000055ac      0x7ac /home/ahalyamandana/bin/bin/../../lib/gcc/pic32mx/4.8.3/libgcc.a(_umoddi3.o)
 .debug_info    0x00005d58      0x132 /home/ahalyamandana/bin/bin/../../lib/gcc/pic32mx/4.8.3/../../../../pic32mx/lib/libpic32.a(sbrk.o)
 .debug_info    0x00005e8a       0xbf /home/ahalyamandana/bin/bin/../../lib/gcc/pic32mx/4.8.3/../../../../pic32mx/lib/libpic32.a(_exit.o)
 .debug_info    0x00005f49       0xc1 /home/ahalyamandana/bin/bin/../../lib/gcc/pic32mx/4.8.3/../../../../pic32mx/lib/libpic32.a(isatty.o)
 .debug_info    0x0000600a       0xc8 /home/ahalyamandana/bin/bin/../../lib/gcc/pic32mx/4.8.3/../../../../pic32mx/lib/libpic32.a(_mon_getc.o)
 .debug_info    0x000060d2       0xca /home/ahalyamandana/bin/bin/../../lib/gcc/pic32mx/4.8.3/../../../../pic32mx/lib/libpic32.a(_mon_write.o)
 .debug_info    0x0000619c       0xc8 /home/ahalyamandana/bin/bin/../../lib/gcc/pic32mx/4.8.3/../../../../pic32mx/lib/libpic32.a(_mon_putc.o)

.debug_abbrev   0x00000000      0xdf4
 *(.debug_abbrev)
 .debug_abbrev  0x00000000       0x90 utilities.o
 .debug_abbrev  0x00000090      0x102 encoder.o
 .debug_abbrev  0x00000192      0x23c main.o
 .debug_abbrev  0x000003ce       0xb3 current_controller.o
 .debug_abbrev  0x00000481       0xfd NU32.o
 .debug_abbrev  0x0000057e       0x62 /home/ahalyamandana/bin/bin/../../lib/gcc/pic32mx/4.8.3/libgcc.a(floatunsisf.o)
 .debug_abbrev  0x000005e0       0x28 /home/ahalyamandana/bin/bin/../../lib/gcc/pic32mx/4.8.3/../../../../pic32mx/lib/libpic32.a(default-bootstrap-exception-handler.o)
 .debug_abbrev  0x00000608       0x28 /home/ahalyamandana/bin/bin/../../lib/gcc/pic32mx/4.8.3/../../../../pic32mx/lib/libpic32.a(default-on-reset.o)
 .debug_abbrev  0x00000630       0x28 /home/ahalyamandana/bin/bin/../../lib/gcc/pic32mx/4.8.3/../../../../pic32mx/lib/libpic32.a(default-on-bootstrap.o)
 .debug_abbrev  0x00000658       0x28 /home/ahalyamandana/bin/bin/../../lib/gcc/pic32mx/4.8.3/../../../../pic32mx/lib/libpic32.a(default-general-exception-handler.o)
 .debug_abbrev  0x00000680       0x28 /home/ahalyamandana/bin/bin/../../lib/gcc/pic32mx/4.8.3/../../../../pic32mx/lib/libpic32.a(defaultinterrupt.o)
 .debug_abbrev  0x000006a8       0x35 /home/ahalyamandana/bin/bin/../../lib/gcc/pic32mx/4.8.3/../../../../pic32mx/lib/libm.a(__strtod.o)
 .debug_abbrev  0x000006dd       0x35 /home/ahalyamandana/bin/bin/../../lib/gcc/pic32mx/4.8.3/../../../../pic32mx/lib/libm.a(__strtof.o)
 .debug_abbrev  0x00000712       0x35 /home/ahalyamandana/bin/bin/../../lib/gcc/pic32mx/4.8.3/../../../../pic32mx/lib/libe.a(_ldexp.o)
 .debug_abbrev  0x00000747       0x35 /home/ahalyamandana/bin/bin/../../lib/gcc/pic32mx/4.8.3/../../../../pic32mx/lib/libe.a(_ldexpf.o)
 .debug_abbrev  0x0000077c       0xd7 /home/ahalyamandana/bin/bin/../../lib/gcc/pic32mx/4.8.3/libgcc.a(_lshrdi3.o)
 .debug_abbrev  0x00000853       0xc8 /home/ahalyamandana/bin/bin/../../lib/gcc/pic32mx/4.8.3/libgcc.a(_ashldi3.o)
 .debug_abbrev  0x0000091b      0x13e /home/ahalyamandana/bin/bin/../../lib/gcc/pic32mx/4.8.3/libgcc.a(_divdi3.o)
 .debug_abbrev  0x00000a59      0x138 /home/ahalyamandana/bin/bin/../../lib/gcc/pic32mx/4.8.3/libgcc.a(_udivdi3.o)
 .debug_abbrev  0x00000b91      0x147 /home/ahalyamandana/bin/bin/../../lib/gcc/pic32mx/4.8.3/libgcc.a(_umoddi3.o)
 .debug_abbrev  0x00000cd8       0x54 /home/ahalyamandana/bin/bin/../../lib/gcc/pic32mx/4.8.3/../../../../pic32mx/lib/libpic32.a(sbrk.o)
 .debug_abbrev  0x00000d2c       0x28 /home/ahalyamandana/bin/bin/../../lib/gcc/pic32mx/4.8.3/../../../../pic32mx/lib/libpic32.a(_exit.o)
 .debug_abbrev  0x00000d54       0x28 /home/ahalyamandana/bin/bin/../../lib/gcc/pic32mx/4.8.3/../../../../pic32mx/lib/libpic32.a(isatty.o)
 .debug_abbrev  0x00000d7c       0x28 /home/ahalyamandana/bin/bin/../../lib/gcc/pic32mx/4.8.3/../../../../pic32mx/lib/libpic32.a(_mon_getc.o)
 .debug_abbrev  0x00000da4       0x28 /home/ahalyamandana/bin/bin/../../lib/gcc/pic32mx/4.8.3/../../../../pic32mx/lib/libpic32.a(_mon_write.o)
 .debug_abbrev  0x00000dcc       0x28 /home/ahalyamandana/bin/bin/../../lib/gcc/pic32mx/4.8.3/../../../../pic32mx/lib/libpic32.a(_mon_putc.o)

.debug_line     0x00000000     0x1255
 *(.debug_line)
 .debug_line    0x00000000       0x8a utilities.o
 .debug_line    0x0000008a       0xcc encoder.o
 .debug_line    0x00000156      0x193 main.o
 .debug_line    0x000002e9       0xd0 current_controller.o
 .debug_line    0x000003b9       0xe2 NU32.o
 .debug_line    0x0000049b       0x9a /home/ahalyamandana/bin/bin/../../lib/gcc/pic32mx/4.8.3/libgcc.a(floatunsisf.o)
 .debug_line    0x00000535       0xa7 /home/ahalyamandana/bin/bin/../../lib/gcc/pic32mx/4.8.3/../../../../pic32mx/lib/libpic32.a(default-bootstrap-exception-handler.o)
 .debug_line    0x000005dc       0x94 /home/ahalyamandana/bin/bin/../../lib/gcc/pic32mx/4.8.3/../../../../pic32mx/lib/libpic32.a(default-on-reset.o)
 .debug_line    0x00000670       0x98 /home/ahalyamandana/bin/bin/../../lib/gcc/pic32mx/4.8.3/../../../../pic32mx/lib/libpic32.a(default-on-bootstrap.o)
 .debug_line    0x00000708       0xa5 /home/ahalyamandana/bin/bin/../../lib/gcc/pic32mx/4.8.3/../../../../pic32mx/lib/libpic32.a(default-general-exception-handler.o)
 .debug_line    0x000007ad       0xa6 /home/ahalyamandana/bin/bin/../../lib/gcc/pic32mx/4.8.3/../../../../pic32mx/lib/libpic32.a(defaultinterrupt.o)
 .debug_line    0x00000853       0x89 /home/ahalyamandana/bin/bin/../../lib/gcc/pic32mx/4.8.3/../../../../pic32mx/lib/libm.a(__strtod.o)
 .debug_line    0x000008dc       0x89 /home/ahalyamandana/bin/bin/../../lib/gcc/pic32mx/4.8.3/../../../../pic32mx/lib/libm.a(__strtof.o)
 .debug_line    0x00000965       0xa3 /home/ahalyamandana/bin/bin/../../lib/gcc/pic32mx/4.8.3/../../../../pic32mx/lib/libe.a(_ldexp.o)
 .debug_line    0x00000a08       0xa3 /home/ahalyamandana/bin/bin/../../lib/gcc/pic32mx/4.8.3/../../../../pic32mx/lib/libe.a(_ldexpf.o)
 .debug_line    0x00000aab       0xab /home/ahalyamandana/bin/bin/../../lib/gcc/pic32mx/4.8.3/libgcc.a(_lshrdi3.o)
 .debug_line    0x00000b56       0xab /home/ahalyamandana/bin/bin/../../lib/gcc/pic32mx/4.8.3/libgcc.a(_ashldi3.o)
 .debug_line    0x00000c01      0x105 /home/ahalyamandana/bin/bin/../../lib/gcc/pic32mx/4.8.3/libgcc.a(_divdi3.o)
 .debug_line    0x00000d06       0xfd /home/ahalyamandana/bin/bin/../../lib/gcc/pic32mx/4.8.3/libgcc.a(_udivdi3.o)
 .debug_line    0x00000e03      0x10f /home/ahalyamandana/bin/bin/../../lib/gcc/pic32mx/4.8.3/libgcc.a(_umoddi3.o)
 .debug_line    0x00000f12       0x88 /home/ahalyamandana/bin/bin/../../lib/gcc/pic32mx/4.8.3/../../../../pic32mx/lib/libpic32.a(sbrk.o)
 .debug_line    0x00000f9a       0x89 /home/ahalyamandana/bin/bin/../../lib/gcc/pic32mx/4.8.3/../../../../pic32mx/lib/libpic32.a(_exit.o)
 .debug_line    0x00001023       0x8a /home/ahalyamandana/bin/bin/../../lib/gcc/pic32mx/4.8.3/../../../../pic32mx/lib/libpic32.a(isatty.o)
 .debug_line    0x000010ad       0x8d /home/ahalyamandana/bin/bin/../../lib/gcc/pic32mx/4.8.3/../../../../pic32mx/lib/libpic32.a(_mon_getc.o)
 .debug_line    0x0000113a       0x8e /home/ahalyamandana/bin/bin/../../lib/gcc/pic32mx/4.8.3/../../../../pic32mx/lib/libpic32.a(_mon_write.o)
 .debug_line    0x000011c8        0x0 /home/ahalyamandana/bin/bin/../../lib/gcc/pic32mx/4.8.3/../../../../pic32mx/lib/libpic32.a(xc32_uart.o)
 .debug_line    0x000011c8       0x8d /home/ahalyamandana/bin/bin/../../lib/gcc/pic32mx/4.8.3/../../../../pic32mx/lib/libpic32.a(_mon_putc.o)

.debug_frame    0x00000000      0x514
 *(.debug_frame)
 .debug_frame   0x00000000       0x30 utilities.o
 .debug_frame   0x00000030       0x60 encoder.o
 .debug_frame   0x00000090       0xa0 main.o
 .debug_frame   0x00000130       0x20 current_controller.o
 .debug_frame   0x00000150       0x48 NU32.o
 .debug_frame   0x00000198       0x28 /home/ahalyamandana/bin/bin/../../lib/gcc/pic32mx/4.8.3/libgcc.a(floatunsisf.o)
 .debug_frame   0x000001c0       0x2c /home/ahalyamandana/bin/bin/../../lib/gcc/pic32mx/4.8.3/../../../../pic32mx/lib/libpic32.a(default-bootstrap-exception-handler.o)
 .debug_frame   0x000001ec       0x20 /home/ahalyamandana/bin/bin/../../lib/gcc/pic32mx/4.8.3/../../../../pic32mx/lib/libpic32.a(default-on-reset.o)
 .debug_frame   0x0000020c       0x20 /home/ahalyamandana/bin/bin/../../lib/gcc/pic32mx/4.8.3/../../../../pic32mx/lib/libpic32.a(default-on-bootstrap.o)
 .debug_frame   0x0000022c       0x2c /home/ahalyamandana/bin/bin/../../lib/gcc/pic32mx/4.8.3/../../../../pic32mx/lib/libpic32.a(default-general-exception-handler.o)
 .debug_frame   0x00000258       0x20 /home/ahalyamandana/bin/bin/../../lib/gcc/pic32mx/4.8.3/../../../../pic32mx/lib/libpic32.a(defaultinterrupt.o)
 .debug_frame   0x00000278       0x38 /home/ahalyamandana/bin/bin/../../lib/gcc/pic32mx/4.8.3/../../../../pic32mx/lib/libm.a(__strtod.o)
 .debug_frame   0x000002b0       0x38 /home/ahalyamandana/bin/bin/../../lib/gcc/pic32mx/4.8.3/../../../../pic32mx/lib/libm.a(__strtof.o)
 .debug_frame   0x000002e8       0x2c /home/ahalyamandana/bin/bin/../../lib/gcc/pic32mx/4.8.3/../../../../pic32mx/lib/libe.a(_ldexp.o)
 .debug_frame   0x00000314       0x20 /home/ahalyamandana/bin/bin/../../lib/gcc/pic32mx/4.8.3/../../../../pic32mx/lib/libe.a(_ldexpf.o)
 .debug_frame   0x00000334       0x20 /home/ahalyamandana/bin/bin/../../lib/gcc/pic32mx/4.8.3/libgcc.a(_lshrdi3.o)
 .debug_frame   0x00000354       0x20 /home/ahalyamandana/bin/bin/../../lib/gcc/pic32mx/4.8.3/libgcc.a(_ashldi3.o)
 .debug_frame   0x00000374       0x20 /home/ahalyamandana/bin/bin/../../lib/gcc/pic32mx/4.8.3/libgcc.a(_divdi3.o)
 .debug_frame   0x00000394       0x20 /home/ahalyamandana/bin/bin/../../lib/gcc/pic32mx/4.8.3/libgcc.a(_udivdi3.o)
 .debug_frame   0x000003b4       0x20 /home/ahalyamandana/bin/bin/../../lib/gcc/pic32mx/4.8.3/libgcc.a(_umoddi3.o)
 .debug_frame   0x000003d4       0x84 /home/ahalyamandana/bin/bin/../../lib/gcc/pic32mx/4.8.3/../../../../pic32mx/lib/libpic32.a(sbrk.o)
 .debug_frame   0x00000458       0x20 /home/ahalyamandana/bin/bin/../../lib/gcc/pic32mx/4.8.3/../../../../pic32mx/lib/libpic32.a(_exit.o)
 .debug_frame   0x00000478       0x20 /home/ahalyamandana/bin/bin/../../lib/gcc/pic32mx/4.8.3/../../../../pic32mx/lib/libpic32.a(isatty.o)
 .debug_frame   0x00000498       0x28 /home/ahalyamandana/bin/bin/../../lib/gcc/pic32mx/4.8.3/../../../../pic32mx/lib/libpic32.a(_mon_getc.o)
 .debug_frame   0x000004c0       0x2c /home/ahalyamandana/bin/bin/../../lib/gcc/pic32mx/4.8.3/../../../../pic32mx/lib/libpic32.a(_mon_write.o)
 .debug_frame   0x000004ec       0x28 /home/ahalyamandana/bin/bin/../../lib/gcc/pic32mx/4.8.3/../../../../pic32mx/lib/libpic32.a(_mon_putc.o)

.debug_str      0x00000000       0x2a
 *(.debug_str)
 .debug_str     0x00000000        0x0 utilities.o
 .debug_str     0x00000000        0x0 encoder.o
 .debug_str     0x00000000       0x2a main.o
 .debug_str     0x0000002a        0x0 current_controller.o
 .debug_str     0x0000002a        0x0 NU32.o
 .debug_str     0x0000002a        0x0 /home/ahalyamandana/bin/bin/../../lib/gcc/pic32mx/4.8.3/libgcc.a(floatunsisf.o)
 .debug_str     0x0000002a        0x0 /home/ahalyamandana/bin/bin/../../lib/gcc/pic32mx/4.8.3/../../../../pic32mx/lib/libpic32.a(default-bootstrap-exception-handler.o)
 .debug_str     0x0000002a        0x0 /home/ahalyamandana/bin/bin/../../lib/gcc/pic32mx/4.8.3/../../../../pic32mx/lib/libpic32.a(default-on-reset.o)
 .debug_str     0x0000002a        0x0 /home/ahalyamandana/bin/bin/../../lib/gcc/pic32mx/4.8.3/../../../../pic32mx/lib/libpic32.a(default-on-bootstrap.o)
 .debug_str     0x0000002a        0x0 /home/ahalyamandana/bin/bin/../../lib/gcc/pic32mx/4.8.3/../../../../pic32mx/lib/libpic32.a(default-general-exception-handler.o)
 .debug_str     0x0000002a        0x0 /home/ahalyamandana/bin/bin/../../lib/gcc/pic32mx/4.8.3/../../../../pic32mx/lib/libpic32.a(defaultinterrupt.o)
 .debug_str     0x0000002a        0x0 /home/ahalyamandana/bin/bin/../../lib/gcc/pic32mx/4.8.3/../../../../pic32mx/lib/libm.a(__strtod.o)
 .debug_str     0x0000002a        0x0 /home/ahalyamandana/bin/bin/../../lib/gcc/pic32mx/4.8.3/../../../../pic32mx/lib/libm.a(__strtof.o)
 .debug_str     0x0000002a        0x0 /home/ahalyamandana/bin/bin/../../lib/gcc/pic32mx/4.8.3/../../../../pic32mx/lib/libe.a(_ldexp.o)
 .debug_str     0x0000002a        0x0 /home/ahalyamandana/bin/bin/../../lib/gcc/pic32mx/4.8.3/../../../../pic32mx/lib/libe.a(_ldexpf.o)
 .debug_str     0x0000002a        0x0 /home/ahalyamandana/bin/bin/../../lib/gcc/pic32mx/4.8.3/libgcc.a(_lshrdi3.o)
 .debug_str     0x0000002a        0x0 /home/ahalyamandana/bin/bin/../../lib/gcc/pic32mx/4.8.3/libgcc.a(_ashldi3.o)
 .debug_str     0x0000002a        0x0 /home/ahalyamandana/bin/bin/../../lib/gcc/pic32mx/4.8.3/libgcc.a(_divdi3.o)
 .debug_str     0x0000002a        0x0 /home/ahalyamandana/bin/bin/../../lib/gcc/pic32mx/4.8.3/libgcc.a(_udivdi3.o)
 .debug_str     0x0000002a        0x0 /home/ahalyamandana/bin/bin/../../lib/gcc/pic32mx/4.8.3/libgcc.a(_umoddi3.o)
 .debug_str     0x0000002a        0x0 /home/ahalyamandana/bin/bin/../../lib/gcc/pic32mx/4.8.3/../../../../pic32mx/lib/libpic32.a(sbrk.o)
 .debug_str     0x0000002a        0x0 /home/ahalyamandana/bin/bin/../../lib/gcc/pic32mx/4.8.3/../../../../pic32mx/lib/libpic32.a(_exit.o)
 .debug_str     0x0000002a        0x0 /home/ahalyamandana/bin/bin/../../lib/gcc/pic32mx/4.8.3/../../../../pic32mx/lib/libpic32.a(isatty.o)
 .debug_str     0x0000002a        0x0 /home/ahalyamandana/bin/bin/../../lib/gcc/pic32mx/4.8.3/../../../../pic32mx/lib/libpic32.a(_mon_getc.o)
 .debug_str     0x0000002a        0x0 /home/ahalyamandana/bin/bin/../../lib/gcc/pic32mx/4.8.3/../../../../pic32mx/lib/libpic32.a(_mon_write.o)
 .debug_str     0x0000002a        0x0 /home/ahalyamandana/bin/bin/../../lib/gcc/pic32mx/4.8.3/../../../../pic32mx/lib/libpic32.a(xc32_uart.o)
 .debug_str     0x0000002a        0x0 /home/ahalyamandana/bin/bin/../../lib/gcc/pic32mx/4.8.3/../../../../pic32mx/lib/libpic32.a(_mon_putc.o)

.debug_loc      0x00000000     0x2379
 *(.debug_loc)
 .debug_loc     0x00000000      0x113 main.o
 .debug_loc     0x00000113       0xa8 NU32.o
 .debug_loc     0x000001bb       0x74 /home/ahalyamandana/bin/bin/../../lib/gcc/pic32mx/4.8.3/libgcc.a(floatunsisf.o)
 .debug_loc     0x0000022f       0x2c /home/ahalyamandana/bin/bin/../../lib/gcc/pic32mx/4.8.3/../../../../pic32mx/lib/libpic32.a(default-bootstrap-exception-handler.o)
 .debug_loc     0x0000025b       0x2c /home/ahalyamandana/bin/bin/../../lib/gcc/pic32mx/4.8.3/../../../../pic32mx/lib/libpic32.a(default-general-exception-handler.o)
 .debug_loc     0x00000287       0x20 /home/ahalyamandana/bin/bin/../../lib/gcc/pic32mx/4.8.3/../../../../pic32mx/lib/libm.a(__strtod.o)
 .debug_loc     0x000002a7       0x20 /home/ahalyamandana/bin/bin/../../lib/gcc/pic32mx/4.8.3/../../../../pic32mx/lib/libm.a(__strtof.o)
 .debug_loc     0x000002c7       0x20 /home/ahalyamandana/bin/bin/../../lib/gcc/pic32mx/4.8.3/../../../../pic32mx/lib/libe.a(_ldexp.o)
 .debug_loc     0x000002e7       0xbb /home/ahalyamandana/bin/bin/../../lib/gcc/pic32mx/4.8.3/libgcc.a(_lshrdi3.o)
 .debug_loc     0x000003a2       0x82 /home/ahalyamandana/bin/bin/../../lib/gcc/pic32mx/4.8.3/libgcc.a(_ashldi3.o)
 .debug_loc     0x00000424      0x9ee /home/ahalyamandana/bin/bin/../../lib/gcc/pic32mx/4.8.3/libgcc.a(_divdi3.o)
 .debug_loc     0x00000e12      0xa6a /home/ahalyamandana/bin/bin/../../lib/gcc/pic32mx/4.8.3/libgcc.a(_udivdi3.o)
 .debug_loc     0x0000187c      0xa3d /home/ahalyamandana/bin/bin/../../lib/gcc/pic32mx/4.8.3/libgcc.a(_umoddi3.o)
 .debug_loc     0x000022b9       0x60 /home/ahalyamandana/bin/bin/../../lib/gcc/pic32mx/4.8.3/../../../../pic32mx/lib/libpic32.a(sbrk.o)
 .debug_loc     0x00002319       0x20 /home/ahalyamandana/bin/bin/../../lib/gcc/pic32mx/4.8.3/../../../../pic32mx/lib/libpic32.a(_mon_getc.o)
 .debug_loc     0x00002339       0x20 /home/ahalyamandana/bin/bin/../../lib/gcc/pic32mx/4.8.3/../../../../pic32mx/lib/libpic32.a(_mon_write.o)
 .debug_loc     0x00002359       0x20 /home/ahalyamandana/bin/bin/../../lib/gcc/pic32mx/4.8.3/../../../../pic32mx/lib/libpic32.a(_mon_putc.o)

.debug_macinfo
 *(.debug_macinfo)

.debug_weaknames
 *(.debug_weaknames)

.debug_funcnames
 *(.debug_funcnames)

.debug_typenames
 *(.debug_typenames)

.debug_varnames
 *(.debug_varnames)

.debug_pubtypes
 *(.debug_pubtypes)

.debug_ranges   0x00000000      0x2f8
 *(.debug_ranges)
 .debug_ranges  0x00000000       0x10 /home/ahalyamandana/bin/bin/../../lib/gcc/pic32mx/4.8.3/../../../../pic32mx/lib/libpic32.a(default-bootstrap-exception-handler.o)
 .debug_ranges  0x00000010       0x10 /home/ahalyamandana/bin/bin/../../lib/gcc/pic32mx/4.8.3/../../../../pic32mx/lib/libpic32.a(default-on-reset.o)
 .debug_ranges  0x00000020       0x10 /home/ahalyamandana/bin/bin/../../lib/gcc/pic32mx/4.8.3/../../../../pic32mx/lib/libpic32.a(default-on-bootstrap.o)
 .debug_ranges  0x00000030       0x10 /home/ahalyamandana/bin/bin/../../lib/gcc/pic32mx/4.8.3/../../../../pic32mx/lib/libpic32.a(default-general-exception-handler.o)
 .debug_ranges  0x00000040       0x10 /home/ahalyamandana/bin/bin/../../lib/gcc/pic32mx/4.8.3/../../../../pic32mx/lib/libpic32.a(defaultinterrupt.o)
 .debug_ranges  0x00000050       0x10 /home/ahalyamandana/bin/bin/../../lib/gcc/pic32mx/4.8.3/../../../../pic32mx/lib/libm.a(__strtod.o)
 .debug_ranges  0x00000060       0x10 /home/ahalyamandana/bin/bin/../../lib/gcc/pic32mx/4.8.3/../../../../pic32mx/lib/libm.a(__strtof.o)
 .debug_ranges  0x00000070       0x10 /home/ahalyamandana/bin/bin/../../lib/gcc/pic32mx/4.8.3/../../../../pic32mx/lib/libe.a(_ldexp.o)
 .debug_ranges  0x00000080       0x10 /home/ahalyamandana/bin/bin/../../lib/gcc/pic32mx/4.8.3/../../../../pic32mx/lib/libe.a(_ldexpf.o)
 .debug_ranges  0x00000090       0x78 /home/ahalyamandana/bin/bin/../../lib/gcc/pic32mx/4.8.3/libgcc.a(_divdi3.o)
 .debug_ranges  0x00000108       0x98 /home/ahalyamandana/bin/bin/../../lib/gcc/pic32mx/4.8.3/libgcc.a(_udivdi3.o)
 .debug_ranges  0x000001a0       0xd8 /home/ahalyamandana/bin/bin/../../lib/gcc/pic32mx/4.8.3/libgcc.a(_umoddi3.o)
 .debug_ranges  0x00000278       0x30 /home/ahalyamandana/bin/bin/../../lib/gcc/pic32mx/4.8.3/../../../../pic32mx/lib/libpic32.a(sbrk.o)
 .debug_ranges  0x000002a8       0x10 /home/ahalyamandana/bin/bin/../../lib/gcc/pic32mx/4.8.3/../../../../pic32mx/lib/libpic32.a(_exit.o)
 .debug_ranges  0x000002b8       0x10 /home/ahalyamandana/bin/bin/../../lib/gcc/pic32mx/4.8.3/../../../../pic32mx/lib/libpic32.a(isatty.o)
 .debug_ranges  0x000002c8       0x10 /home/ahalyamandana/bin/bin/../../lib/gcc/pic32mx/4.8.3/../../../../pic32mx/lib/libpic32.a(_mon_getc.o)
 .debug_ranges  0x000002d8       0x10 /home/ahalyamandana/bin/bin/../../lib/gcc/pic32mx/4.8.3/../../../../pic32mx/lib/libpic32.a(_mon_write.o)
 .debug_ranges  0x000002e8       0x10 /home/ahalyamandana/bin/bin/../../lib/gcc/pic32mx/4.8.3/../../../../pic32mx/lib/libpic32.a(_mon_putc.o)

.gnu.attributes
                0x00000000       0x10
 *(.gnu.attributes)
 .gnu.attributes
                0x00000000       0x10 utilities.o
 .gnu.attributes
                0x00000010       0x10 encoder.o
 .gnu.attributes
                0x00000020       0x10 main.o
 .gnu.attributes
                0x00000030       0x10 current_controller.o
 .gnu.attributes
                0x00000040       0x10 NU32.o
 .gnu.attributes
                0x00000050       0x10 /home/ahalyamandana/bin/bin/../../lib/gcc/pic32mx/4.8.3/libgcc.a(floatunsisf.o)
 .gnu.attributes
                0x00000060       0x10 /home/ahalyamandana/bin/bin/../../lib/gcc/pic32mx/4.8.3/../../../../pic32mx/lib/libpic32.a(default-bootstrap-exception-handler.o)
 .gnu.attributes
                0x00000070       0x10 /home/ahalyamandana/bin/bin/../../lib/gcc/pic32mx/4.8.3/../../../../pic32mx/lib/libpic32.a(default-on-reset.o)
 .gnu.attributes
                0x00000080       0x10 /home/ahalyamandana/bin/bin/../../lib/gcc/pic32mx/4.8.3/../../../../pic32mx/lib/libpic32.a(default-on-bootstrap.o)
 .gnu.attributes
                0x00000090       0x10 /home/ahalyamandana/bin/bin/../../lib/gcc/pic32mx/4.8.3/../../../../pic32mx/lib/libpic32.a(default-general-exception-handler.o)
 .gnu.attributes
                0x000000a0       0x10 /home/ahalyamandana/bin/bin/../../lib/gcc/pic32mx/4.8.3/../../../../pic32mx/lib/libpic32.a(defaultinterrupt.o)
 .gnu.attributes
                0x000000b0       0x10 /home/ahalyamandana/bin/bin/../../lib/gcc/pic32mx/4.8.3/../../../../pic32mx/lib/liblega-c.a(sprintf_cdfFnopuxX.eo)
 .gnu.attributes
                0x000000c0       0x10 /home/ahalyamandana/bin/bin/../../lib/gcc/pic32mx/4.8.3/../../../../pic32mx/lib/liblega-c.a(sscanf_cdnopuxX.eo)
 .gnu.attributes
                0x000000d0       0x10 /home/ahalyamandana/bin/bin/../../lib/gcc/pic32mx/4.8.3/../../../../pic32mx/lib/liblega-c.a(strlen.o)
 .gnu.attributes
                0x000000e0       0x10 /home/ahalyamandana/bin/bin/../../lib/gcc/pic32mx/4.8.3/../../../../pic32mx/lib/liblega-c.a(_doprnt_cdfFnopuxX.eo)
 .gnu.attributes
                0x000000f0       0x10 /home/ahalyamandana/bin/bin/../../lib/gcc/pic32mx/4.8.3/../../../../pic32mx/lib/liblega-c.a(_iobdata.o)
 .gnu.attributes
                0x00000100       0x10 /home/ahalyamandana/bin/bin/../../lib/gcc/pic32mx/4.8.3/../../../../pic32mx/lib/liblega-c.a(_iobfuncs.o)
 .gnu.attributes
                0x00000110       0x10 /home/ahalyamandana/bin/bin/../../lib/gcc/pic32mx/4.8.3/../../../../pic32mx/lib/liblega-c.a(_iobstring.o)
 .gnu.attributes
                0x00000120       0x10 /home/ahalyamandana/bin/bin/../../lib/gcc/pic32mx/4.8.3/../../../../pic32mx/lib/liblega-c.a(fputc.o)
 .gnu.attributes
                0x00000130       0x10 /home/ahalyamandana/bin/bin/../../lib/gcc/pic32mx/4.8.3/../../../../pic32mx/lib/liblega-c.a(_doscan.o)
 .gnu.attributes
                0x00000140       0x10 /home/ahalyamandana/bin/bin/../../lib/gcc/pic32mx/4.8.3/../../../../pic32mx/lib/liblega-c.a(stubs.o)
 .gnu.attributes
                0x00000150       0x10 /home/ahalyamandana/bin/bin/../../lib/gcc/pic32mx/4.8.3/../../../../pic32mx/lib/liblega-c.a(strchr.o)
 .gnu.attributes
                0x00000160       0x10 /home/ahalyamandana/bin/bin/../../lib/gcc/pic32mx/4.8.3/../../../../pic32mx/lib/liblega-c.a(memset.o)
 .gnu.attributes
                0x00000170       0x10 /home/ahalyamandana/bin/bin/../../lib/gcc/pic32mx/4.8.3/../../../../pic32mx/lib/liblega-c.a(ctype.o)
 .gnu.attributes
                0x00000180       0x10 /home/ahalyamandana/bin/bin/../../lib/gcc/pic32mx/4.8.3/../../../../pic32mx/lib/liblega-c.a(malloc.o)
 .gnu.attributes
                0x00000190       0x10 /home/ahalyamandana/bin/bin/../../lib/gcc/pic32mx/4.8.3/../../../../pic32mx/lib/liblega-c.a(malloc_realloc.o)
 .gnu.attributes
                0x000001a0       0x10 /home/ahalyamandana/bin/bin/../../lib/gcc/pic32mx/4.8.3/../../../../pic32mx/lib/liblega-c.a(errno.o)
 .gnu.attributes
                0x000001b0       0x10 /home/ahalyamandana/bin/bin/../../lib/gcc/pic32mx/4.8.3/../../../../pic32mx/lib/liblega-c.a(strtol.o)
 .gnu.attributes
                0x000001c0       0x10 /home/ahalyamandana/bin/bin/../../lib/gcc/pic32mx/4.8.3/../../../../pic32mx/lib/liblega-c.a(strtoul.o)
 .gnu.attributes
                0x000001d0       0x10 /home/ahalyamandana/bin/bin/../../lib/gcc/pic32mx/4.8.3/../../../../pic32mx/lib/liblega-c.a(strtoll.o)
 .gnu.attributes
                0x000001e0       0x10 /home/ahalyamandana/bin/bin/../../lib/gcc/pic32mx/4.8.3/../../../../pic32mx/lib/liblega-c.a(strtoull.o)
 .gnu.attributes
                0x000001f0       0x10 /home/ahalyamandana/bin/bin/../../lib/gcc/pic32mx/4.8.3/../../../../pic32mx/lib/liblega-c.a(strtod.o)
 .gnu.attributes
                0x00000200       0x10 /home/ahalyamandana/bin/bin/../../lib/gcc/pic32mx/4.8.3/../../../../pic32mx/lib/liblega-c.a(strtof.o)
 .gnu.attributes
                0x00000210       0x10 /home/ahalyamandana/bin/bin/../../lib/gcc/pic32mx/4.8.3/../../../../pic32mx/lib/liblega-c.a(fullexit.o)
 .gnu.attributes
                0x00000220       0x10 /home/ahalyamandana/bin/bin/../../lib/gcc/pic32mx/4.8.3/../../../../pic32mx/lib/liblega-c.a(fgetc.o)
 .gnu.attributes
                0x00000230       0x10 /home/ahalyamandana/bin/bin/../../lib/gcc/pic32mx/4.8.3/../../../../pic32mx/lib/liblega-c.a(ungetc.o)
 .gnu.attributes
                0x00000240       0x10 /home/ahalyamandana/bin/bin/../../lib/gcc/pic32mx/4.8.3/../../../../pic32mx/lib/liblega-c.a(memmove.o)
 .gnu.attributes
                0x00000250       0x10 /home/ahalyamandana/bin/bin/../../lib/gcc/pic32mx/4.8.3/../../../../pic32mx/lib/liblega-c.a(memcpy.o)
 .gnu.attributes
                0x00000260       0x10 /home/ahalyamandana/bin/bin/../../lib/gcc/pic32mx/4.8.3/../../../../pic32mx/lib/liblega-c.a(_ioinit.o)
 .gnu.attributes
                0x00000270       0x10 /home/ahalyamandana/bin/bin/../../lib/gcc/pic32mx/4.8.3/../../../../pic32mx/lib/liblega-c.a(_cleanup.o)
 .gnu.attributes
                0x00000280       0x10 /home/ahalyamandana/bin/bin/../../lib/gcc/pic32mx/4.8.3/../../../../pic32mx/lib/liblega-c.a(_bufproc.o)
 .gnu.attributes
                0x00000290       0x10 /home/ahalyamandana/bin/bin/../../lib/gcc/pic32mx/4.8.3/../../../../pic32mx/lib/libm.a(__strtod.o)
 .gnu.attributes
                0x000002a0       0x10 /home/ahalyamandana/bin/bin/../../lib/gcc/pic32mx/4.8.3/../../../../pic32mx/lib/libm.a(__strtof.o)
 .gnu.attributes
                0x000002b0       0x10 /home/ahalyamandana/bin/bin/../../lib/gcc/pic32mx/4.8.3/../../../../pic32mx/lib/libe.a(_ldexp.o)
 .gnu.attributes
                0x000002c0       0x10 /home/ahalyamandana/bin/bin/../../lib/gcc/pic32mx/4.8.3/../../../../pic32mx/lib/libe.a(_ldexpf.o)
 .gnu.attributes
                0x000002d0       0x10 /home/ahalyamandana/bin/bin/../../lib/gcc/pic32mx/4.8.3/libgcc.a(_lshrdi3.o)
 .gnu.attributes
                0x000002e0       0x10 /home/ahalyamandana/bin/bin/../../lib/gcc/pic32mx/4.8.3/libgcc.a(_ashldi3.o)
 .gnu.attributes
                0x000002f0       0x10 /home/ahalyamandana/bin/bin/../../lib/gcc/pic32mx/4.8.3/libgcc.a(_divdi3.o)
 .gnu.attributes
                0x00000300       0x10 /home/ahalyamandana/bin/bin/../../lib/gcc/pic32mx/4.8.3/libgcc.a(_udivdi3.o)
 .gnu.attributes
                0x00000310       0x10 /home/ahalyamandana/bin/bin/../../lib/gcc/pic32mx/4.8.3/libgcc.a(_umoddi3.o)
 .gnu.attributes
                0x00000320       0x10 /home/ahalyamandana/bin/bin/../../lib/gcc/pic32mx/4.8.3/../../../../pic32mx/lib/libpic32.a(sbrk.o)
 .gnu.attributes
                0x00000330       0x10 /home/ahalyamandana/bin/bin/../../lib/gcc/pic32mx/4.8.3/../../../../pic32mx/lib/libpic32.a(_exit.o)
 .gnu.attributes
                0x00000340       0x10 /home/ahalyamandana/bin/bin/../../lib/gcc/pic32mx/4.8.3/../../../../pic32mx/lib/libpic32.a(isatty.o)
 .gnu.attributes
                0x00000350       0x10 /home/ahalyamandana/bin/bin/../../lib/gcc/pic32mx/4.8.3/../../../../pic32mx/lib/libpic32.a(_mon_getc.o)
 .gnu.attributes
                0x00000360       0x10 /home/ahalyamandana/bin/bin/../../lib/gcc/pic32mx/4.8.3/../../../../pic32mx/lib/libpic32.a(_mon_write.o)
 .gnu.attributes
                0x00000370       0x10 /home/ahalyamandana/bin/bin/../../lib/gcc/pic32mx/4.8.3/../../../../pic32mx/lib/libpic32.a(xc32_uart.o)
 .gnu.attributes
                0x00000380       0x10 /home/ahalyamandana/bin/bin/../../lib/gcc/pic32mx/4.8.3/../../../../pic32mx/lib/libpic32.a(_mon_putc.o)
LOAD /home/ahalyamandana/bin/bin/../../lib/gcc/pic32mx/4.8.3/../../../../pic32mx/lib/./proc/32MX795F512H/default_isr_vectors.o
LOAD /home/ahalyamandana/bin/bin/../../lib/gcc/pic32mx/4.8.3/../../../../pic32mx/lib/pic32_software_reset.o
LOAD /home/ahalyamandana/bin/bin/../../lib/gcc/pic32mx/4.8.3/libgcc.a
START GROUP
LOAD /home/ahalyamandana/bin/bin/../../lib/gcc/pic32mx/4.8.3/../../../../pic32mx/lib/libpic32.a
LOAD /home/ahalyamandana/bin/bin/../../lib/gcc/pic32mx/4.8.3/../../../../pic32mx/lib/libdebug.a
LOAD /home/ahalyamandana/bin/bin/../../lib/gcc/pic32mx/4.8.3/../../../../pic32mx/lib/libpic32.a
LOAD /home/ahalyamandana/bin/bin/../../lib/gcc/pic32mx/4.8.3/../../../../pic32mx/lib/liblega-c.a
LOAD /home/ahalyamandana/bin/bin/../../lib/gcc/pic32mx/4.8.3/../../../../pic32mx/lib/libm.a
LOAD /home/ahalyamandana/bin/bin/../../lib/gcc/pic32mx/4.8.3/../../../../pic32mx/lib/libe.a
LOAD /home/ahalyamandana/bin/bin/../../lib/gcc/pic32mx/4.8.3/../../../../pic32mx/lib/libdsp.a
LOAD /home/ahalyamandana/bin/bin/../../lib/gcc/pic32mx/4.8.3/libgcc.a
LOAD /home/ahalyamandana/bin/bin/../../lib/gcc/pic32mx/4.8.3/../../../../pic32mx/lib/libpic32.a
END GROUP
LOAD /home/ahalyamandana/bin/bin/../../lib/gcc/pic32mx/4.8.3/libgcc.a
OUTPUT(out.elf elf32-tradlittlemips)
LOAD stack
LOAD data_init

.stack          0xa0000620      0x400
 .stack         0xa0000620      0x400 stack

.data           0xa0000014      0x4e4
 .data          0xa0000014      0x410 /home/ahalyamandana/bin/bin/../../lib/gcc/pic32mx/4.8.3/../../../../pic32mx/lib/liblega-c.a(malloc.o)
                0xa0000014                malloc_sbrk_base
                0xa0000018                malloc_trim_threshold
                0xa000001c                malloc_av_
 .data          0xa0000424       0xd4 /home/ahalyamandana/bin/bin/../../lib/gcc/pic32mx/4.8.3/../../../../pic32mx/lib/liblega-c.a(_iobdata.o)

.bss            0xa00004f8       0xbc
 .bss           0xa00004f8       0x88 /home/ahalyamandana/bin/bin/../../lib/gcc/pic32mx/4.8.3/../../../../pic32mx/lib/liblega-c.a(_iobdata.o)
 .bss           0xa0000580       0x34 /home/ahalyamandana/bin/bin/../../lib/gcc/pic32mx/4.8.3/../../../../pic32mx/lib/liblega-c.a(malloc.o)
                0xa0000580                malloc_current_mallinfo
                0xa00005a8                malloc_max_total_mem
                0xa00005ac                malloc_max_sbrked_mem
                0xa00005b0                malloc_top_pad

.bss            0xa00005b4       0x24
 .bss           0xa00005b4       0x24 /home/ahalyamandana/bin/bin/../../lib/gcc/pic32mx/4.8.3/../../../../pic32mx/lib/libpic32.a(sbrk.o)
                0xa00005d0                _maxbrk
                0xa00005d4                _minbrk

.data           0xa00005d8       0x20
 .data          0xa00005d8       0x20 /home/ahalyamandana/bin/bin/../../lib/gcc/pic32mx/4.8.3/../../../../pic32mx/lib/liblega-c.a(fullexit.o)
                0xa00005d8                __exfun_mx

.bss            0xa00005f8        0x8
 .bss           0xa00005f8        0x4 /home/ahalyamandana/bin/bin/../../lib/gcc/pic32mx/4.8.3/../../../../pic32mx/lib/liblega-c.a(stubs.o)
                0xa00005f8                __isthreaded
 .bss           0xa00005fc        0x4 /home/ahalyamandana/bin/bin/../../lib/gcc/pic32mx/4.8.3/../../../../pic32mx/lib/liblega-c.a(_cleanup.o)
                0xa00005fc                __cleanup

.mdebug.abi32   0x00000000        0x0
 .mdebug.abi32  0x00000000        0x0 /home/ahalyamandana/bin/bin/../../lib/gcc/pic32mx/4.8.3/../../../../pic32mx/lib/libpic32.a(_mon_putc.o)

.bss            0x00000000        0x0
 .bss           0x00000000        0x0 /home/ahalyamandana/bin/bin/../../lib/gcc/pic32mx/4.8.3/../../../../pic32mx/lib/libpic32.a(_mon_putc.o)

.data           0x00000000        0x0
 .data          0x00000000        0x0 /home/ahalyamandana/bin/bin/../../lib/gcc/pic32mx/4.8.3/../../../../pic32mx/lib/libpic32.a(_mon_putc.o)

.mdebug.abi32   0x00000000        0x0
 .mdebug.abi32  0x00000000        0x0 /home/ahalyamandana/bin/bin/../../lib/gcc/pic32mx/4.8.3/../../../../pic32mx/lib/libpic32.a(xc32_uart.o)

.bss            0x00000000        0x0
 .bss           0x00000000        0x0 /home/ahalyamandana/bin/bin/../../lib/gcc/pic32mx/4.8.3/../../../../pic32mx/lib/libpic32.a(xc32_uart.o)

.data           0x00000000        0x0
 .data          0x00000000        0x0 /home/ahalyamandana/bin/bin/../../lib/gcc/pic32mx/4.8.3/../../../../pic32mx/lib/libpic32.a(xc32_uart.o)

.mdebug.abi32   0x00000000        0x0
 .mdebug.abi32  0x00000000        0x0 /home/ahalyamandana/bin/bin/../../lib/gcc/pic32mx/4.8.3/../../../../pic32mx/lib/libpic32.a(_mon_write.o)

.bss            0x00000000        0x0
 .bss           0x00000000        0x0 /home/ahalyamandana/bin/bin/../../lib/gcc/pic32mx/4.8.3/../../../../pic32mx/lib/libpic32.a(_mon_write.o)

.data           0x00000000        0x0
 .data          0x00000000        0x0 /home/ahalyamandana/bin/bin/../../lib/gcc/pic32mx/4.8.3/../../../../pic32mx/lib/libpic32.a(_mon_write.o)

.mdebug.abi32   0x00000000        0x0
 .mdebug.abi32  0x00000000        0x0 /home/ahalyamandana/bin/bin/../../lib/gcc/pic32mx/4.8.3/../../../../pic32mx/lib/libpic32.a(_mon_getc.o)

.bss            0x00000000        0x0
 .bss           0x00000000        0x0 /home/ahalyamandana/bin/bin/../../lib/gcc/pic32mx/4.8.3/../../../../pic32mx/lib/libpic32.a(_mon_getc.o)

.data           0x00000000        0x0
 .data          0x00000000        0x0 /home/ahalyamandana/bin/bin/../../lib/gcc/pic32mx/4.8.3/../../../../pic32mx/lib/libpic32.a(_mon_getc.o)

.mdebug.abi32   0x00000000        0x0
 .mdebug.abi32  0x00000000        0x0 /home/ahalyamandana/bin/bin/../../lib/gcc/pic32mx/4.8.3/../../../../pic32mx/lib/libpic32.a(isatty.o)

.bss            0x00000000        0x0
 .bss           0x00000000        0x0 /home/ahalyamandana/bin/bin/../../lib/gcc/pic32mx/4.8.3/../../../../pic32mx/lib/libpic32.a(isatty.o)

.data           0x00000000        0x0
 .data          0x00000000        0x0 /home/ahalyamandana/bin/bin/../../lib/gcc/pic32mx/4.8.3/../../../../pic32mx/lib/libpic32.a(isatty.o)

.mdebug.abi32   0x00000000        0x0
 .mdebug.abi32  0x00000000        0x0 /home/ahalyamandana/bin/bin/../../lib/gcc/pic32mx/4.8.3/../../../../pic32mx/lib/libpic32.a(_exit.o)

.bss            0x00000000        0x0
 .bss           0x00000000        0x0 /home/ahalyamandana/bin/bin/../../lib/gcc/pic32mx/4.8.3/../../../../pic32mx/lib/libpic32.a(_exit.o)

.data           0x00000000        0x0
 .data          0x00000000        0x0 /home/ahalyamandana/bin/bin/../../lib/gcc/pic32mx/4.8.3/../../../../pic32mx/lib/libpic32.a(_exit.o)

.mdebug.abi32   0x00000000        0x0
 .mdebug.abi32  0x00000000        0x0 /home/ahalyamandana/bin/bin/../../lib/gcc/pic32mx/4.8.3/../../../../pic32mx/lib/libpic32.a(sbrk.o)

.data           0x00000000        0x0
 .data          0x00000000        0x0 /home/ahalyamandana/bin/bin/../../lib/gcc/pic32mx/4.8.3/../../../../pic32mx/lib/libpic32.a(sbrk.o)

.mdebug.abi32   0x00000000        0x0
 .mdebug.abi32  0x00000000        0x0 /home/ahalyamandana/bin/bin/../../lib/gcc/pic32mx/4.8.3/libgcc.a(_umoddi3.o)

.bss            0x00000000        0x0
 .bss           0x00000000        0x0 /home/ahalyamandana/bin/bin/../../lib/gcc/pic32mx/4.8.3/libgcc.a(_umoddi3.o)

.data           0x00000000        0x0
 .data          0x00000000        0x0 /home/ahalyamandana/bin/bin/../../lib/gcc/pic32mx/4.8.3/libgcc.a(_umoddi3.o)

.mdebug.abi32   0x00000000        0x0
 .mdebug.abi32  0x00000000        0x0 /home/ahalyamandana/bin/bin/../../lib/gcc/pic32mx/4.8.3/libgcc.a(_udivdi3.o)

.bss            0x00000000        0x0
 .bss           0x00000000        0x0 /home/ahalyamandana/bin/bin/../../lib/gcc/pic32mx/4.8.3/libgcc.a(_udivdi3.o)

.data           0x00000000        0x0
 .data          0x00000000        0x0 /home/ahalyamandana/bin/bin/../../lib/gcc/pic32mx/4.8.3/libgcc.a(_udivdi3.o)

.mdebug.abi32   0x00000000        0x0
 .mdebug.abi32  0x00000000        0x0 /home/ahalyamandana/bin/bin/../../lib/gcc/pic32mx/4.8.3/libgcc.a(_divdi3.o)

.bss            0x00000000        0x0
 .bss           0x00000000        0x0 /home/ahalyamandana/bin/bin/../../lib/gcc/pic32mx/4.8.3/libgcc.a(_divdi3.o)

.data           0x00000000        0x0
 .data          0x00000000        0x0 /home/ahalyamandana/bin/bin/../../lib/gcc/pic32mx/4.8.3/libgcc.a(_divdi3.o)

.mdebug.abi32   0x00000000        0x0
 .mdebug.abi32  0x00000000        0x0 /home/ahalyamandana/bin/bin/../../lib/gcc/pic32mx/4.8.3/libgcc.a(_ashldi3.o)

.bss            0x00000000        0x0
 .bss           0x00000000        0x0 /home/ahalyamandana/bin/bin/../../lib/gcc/pic32mx/4.8.3/libgcc.a(_ashldi3.o)

.data           0x00000000        0x0
 .data          0x00000000        0x0 /home/ahalyamandana/bin/bin/../../lib/gcc/pic32mx/4.8.3/libgcc.a(_ashldi3.o)

.mdebug.abi32   0x00000000        0x0
 .mdebug.abi32  0x00000000        0x0 /home/ahalyamandana/bin/bin/../../lib/gcc/pic32mx/4.8.3/libgcc.a(_lshrdi3.o)

.bss            0x00000000        0x0
 .bss           0x00000000        0x0 /home/ahalyamandana/bin/bin/../../lib/gcc/pic32mx/4.8.3/libgcc.a(_lshrdi3.o)

.data           0x00000000        0x0
 .data          0x00000000        0x0 /home/ahalyamandana/bin/bin/../../lib/gcc/pic32mx/4.8.3/libgcc.a(_lshrdi3.o)

.mdebug.abi32   0x00000000        0x0
 .mdebug.abi32  0x00000000        0x0 /home/ahalyamandana/bin/bin/../../lib/gcc/pic32mx/4.8.3/../../../../pic32mx/lib/libe.a(_ldexpf.o)

.bss            0x00000000        0x0
 .bss           0x00000000        0x0 /home/ahalyamandana/bin/bin/../../lib/gcc/pic32mx/4.8.3/../../../../pic32mx/lib/libe.a(_ldexpf.o)

.data           0x00000000        0x0
 .data          0x00000000        0x0 /home/ahalyamandana/bin/bin/../../lib/gcc/pic32mx/4.8.3/../../../../pic32mx/lib/libe.a(_ldexpf.o)

.mdebug.abi32   0x00000000        0x0
 .mdebug.abi32  0x00000000        0x0 /home/ahalyamandana/bin/bin/../../lib/gcc/pic32mx/4.8.3/../../../../pic32mx/lib/libe.a(_ldexp.o)

.bss            0x00000000        0x0
 .bss           0x00000000        0x0 /home/ahalyamandana/bin/bin/../../lib/gcc/pic32mx/4.8.3/../../../../pic32mx/lib/libe.a(_ldexp.o)

.data           0x00000000        0x0
 .data          0x00000000        0x0 /home/ahalyamandana/bin/bin/../../lib/gcc/pic32mx/4.8.3/../../../../pic32mx/lib/libe.a(_ldexp.o)

.bss            0x00000000        0x0
 .bss           0x00000000        0x0 /home/ahalyamandana/bin/bin/../../lib/gcc/pic32mx/4.8.3/../../../../pic32mx/lib/libm.a(negsf2.o)

.data           0x00000000        0x0
 .data          0x00000000        0x0 /home/ahalyamandana/bin/bin/../../lib/gcc/pic32mx/4.8.3/../../../../pic32mx/lib/libm.a(negsf2.o)

.bss            0x00000000        0x0
 .bss           0x00000000        0x0 /home/ahalyamandana/bin/bin/../../lib/gcc/pic32mx/4.8.3/../../../../pic32mx/lib/libm.a(negdf2.o)

.data           0x00000000        0x0
 .data          0x00000000        0x0 /home/ahalyamandana/bin/bin/../../lib/gcc/pic32mx/4.8.3/../../../../pic32mx/lib/libm.a(negdf2.o)

.bss            0x00000000        0x0
 .bss           0x00000000        0x0 /home/ahalyamandana/bin/bin/../../lib/gcc/pic32mx/4.8.3/../../../../pic32mx/lib/libm.a(litodp.o)

.data           0x00000000        0x0
 .data          0x00000000        0x0 /home/ahalyamandana/bin/bin/../../lib/gcc/pic32mx/4.8.3/../../../../pic32mx/lib/libm.a(litodp.o)

.bss            0x00000000        0x0
 .bss           0x00000000        0x0 /home/ahalyamandana/bin/bin/../../lib/gcc/pic32mx/4.8.3/../../../../pic32mx/lib/libm.a(dp32subadd.o)

.data           0x00000000        0x0
 .data          0x00000000        0x0 /home/ahalyamandana/bin/bin/../../lib/gcc/pic32mx/4.8.3/../../../../pic32mx/lib/libm.a(dp32subadd.o)

.bss            0x00000000        0x0
 .bss           0x00000000        0x0 /home/ahalyamandana/bin/bin/../../lib/gcc/pic32mx/4.8.3/../../../../pic32mx/lib/libm.a(dp32mul.o)

.data           0x00000000        0x0
 .data          0x00000000        0x0 /home/ahalyamandana/bin/bin/../../lib/gcc/pic32mx/4.8.3/../../../../pic32mx/lib/libm.a(dp32mul.o)

.bss            0x00000000        0x0
 .bss           0x00000000        0x0 /home/ahalyamandana/bin/bin/../../lib/gcc/pic32mx/4.8.3/../../../../pic32mx/lib/libm.a(dp32div.o)

.data           0x00000000        0x0
 .data          0x00000000        0x0 /home/ahalyamandana/bin/bin/../../lib/gcc/pic32mx/4.8.3/../../../../pic32mx/lib/libm.a(dp32div.o)

.mdebug.abi32   0x00000000        0x0
 .mdebug.abi32  0x00000000        0x0 /home/ahalyamandana/bin/bin/../../lib/gcc/pic32mx/4.8.3/../../../../pic32mx/lib/libm.a(__strtof.o)

.bss            0x00000000        0x0
 .bss           0x00000000        0x0 /home/ahalyamandana/bin/bin/../../lib/gcc/pic32mx/4.8.3/../../../../pic32mx/lib/libm.a(__strtof.o)

.data           0x00000000        0x0
 .data          0x00000000        0x0 /home/ahalyamandana/bin/bin/../../lib/gcc/pic32mx/4.8.3/../../../../pic32mx/lib/libm.a(__strtof.o)

.mdebug.abi32   0x00000000        0x0
 .mdebug.abi32  0x00000000        0x0 /home/ahalyamandana/bin/bin/../../lib/gcc/pic32mx/4.8.3/../../../../pic32mx/lib/libm.a(__strtod.o)

.bss            0x00000000        0x0
 .bss           0x00000000        0x0 /home/ahalyamandana/bin/bin/../../lib/gcc/pic32mx/4.8.3/../../../../pic32mx/lib/libm.a(__strtod.o)

.data           0x00000000        0x0
 .data          0x00000000        0x0 /home/ahalyamandana/bin/bin/../../lib/gcc/pic32mx/4.8.3/../../../../pic32mx/lib/libm.a(__strtod.o)

.bss            0x00000000        0x0
 .bss           0x00000000        0x0 /home/ahalyamandana/bin/bin/../../lib/gcc/pic32mx/4.8.3/../../../../pic32mx/lib/libm.a(sitofp.o)

.data           0x00000000        0x0
 .data          0x00000000        0x0 /home/ahalyamandana/bin/bin/../../lib/gcc/pic32mx/4.8.3/../../../../pic32mx/lib/libm.a(sitofp.o)

.bss            0x00000000        0x0
 .bss           0x00000000        0x0 /home/ahalyamandana/bin/bin/../../lib/gcc/pic32mx/4.8.3/../../../../pic32mx/lib/libm.a(fptoli.o)

.data           0x00000000        0x0
 .data          0x00000000        0x0 /home/ahalyamandana/bin/bin/../../lib/gcc/pic32mx/4.8.3/../../../../pic32mx/lib/libm.a(fptoli.o)

.bss            0x00000000        0x0
 .bss           0x00000000        0x0 /home/ahalyamandana/bin/bin/../../lib/gcc/pic32mx/4.8.3/../../../../pic32mx/lib/libm.a(fptodp.o)

.data           0x00000000        0x0
 .data          0x00000000        0x0 /home/ahalyamandana/bin/bin/../../lib/gcc/pic32mx/4.8.3/../../../../pic32mx/lib/libm.a(fptodp.o)

.bss            0x00000000        0x0
 .bss           0x00000000        0x0 /home/ahalyamandana/bin/bin/../../lib/gcc/pic32mx/4.8.3/../../../../pic32mx/lib/libm.a(fpmodf.o)

.data           0x00000000        0x0
 .data          0x00000000        0x0 /home/ahalyamandana/bin/bin/../../lib/gcc/pic32mx/4.8.3/../../../../pic32mx/lib/libm.a(fpmodf.o)

.bss            0x00000000        0x0
 .bss           0x00000000        0x0 /home/ahalyamandana/bin/bin/../../lib/gcc/pic32mx/4.8.3/../../../../pic32mx/lib/libm.a(fpcmp.o)

.data           0x00000000        0x0
 .data          0x00000000        0x0 /home/ahalyamandana/bin/bin/../../lib/gcc/pic32mx/4.8.3/../../../../pic32mx/lib/libm.a(fpcmp.o)

.bss            0x00000000        0x0
 .bss           0x00000000        0x0 /home/ahalyamandana/bin/bin/../../lib/gcc/pic32mx/4.8.3/../../../../pic32mx/lib/libm.a(fp32subadd.o)

.data           0x00000000        0x0
 .data          0x00000000        0x0 /home/ahalyamandana/bin/bin/../../lib/gcc/pic32mx/4.8.3/../../../../pic32mx/lib/libm.a(fp32subadd.o)

.bss            0x00000000        0x0
 .bss           0x00000000        0x0 /home/ahalyamandana/bin/bin/../../lib/gcc/pic32mx/4.8.3/../../../../pic32mx/lib/libm.a(fp32mul.o)

.data           0x00000000        0x0
 .data          0x00000000        0x0 /home/ahalyamandana/bin/bin/../../lib/gcc/pic32mx/4.8.3/../../../../pic32mx/lib/libm.a(fp32mul.o)

.bss            0x00000000        0x0
 .bss           0x00000000        0x0 /home/ahalyamandana/bin/bin/../../lib/gcc/pic32mx/4.8.3/../../../../pic32mx/lib/libm.a(fp32div.o)

.data           0x00000000        0x0
 .data          0x00000000        0x0 /home/ahalyamandana/bin/bin/../../lib/gcc/pic32mx/4.8.3/../../../../pic32mx/lib/libm.a(fp32div.o)

.bss            0x00000000        0x0
 .bss           0x00000000        0x0 /home/ahalyamandana/bin/bin/../../lib/gcc/pic32mx/4.8.3/../../../../pic32mx/lib/libm.a(dptofp.o)

.data           0x00000000        0x0
 .data          0x00000000        0x0 /home/ahalyamandana/bin/bin/../../lib/gcc/pic32mx/4.8.3/../../../../pic32mx/lib/libm.a(dptofp.o)

.mdebug.abi32   0x00000000        0x0
 .mdebug.abi32  0x00000000        0x0 /home/ahalyamandana/bin/bin/../../lib/gcc/pic32mx/4.8.3/../../../../pic32mx/lib/liblega-c.a(_bufproc.o)

.bss            0x00000000        0x0
 .bss           0x00000000        0x0 /home/ahalyamandana/bin/bin/../../lib/gcc/pic32mx/4.8.3/../../../../pic32mx/lib/liblega-c.a(_bufproc.o)

.data           0x00000000        0x0
 .data          0x00000000        0x0 /home/ahalyamandana/bin/bin/../../lib/gcc/pic32mx/4.8.3/../../../../pic32mx/lib/liblega-c.a(_bufproc.o)

.mdebug.abi32   0x00000000        0x0
 .mdebug.abi32  0x00000000        0x0 /home/ahalyamandana/bin/bin/../../lib/gcc/pic32mx/4.8.3/../../../../pic32mx/lib/liblega-c.a(_cleanup.o)

.data           0x00000000        0x0
 .data          0x00000000        0x0 /home/ahalyamandana/bin/bin/../../lib/gcc/pic32mx/4.8.3/../../../../pic32mx/lib/liblega-c.a(_cleanup.o)

.mdebug.abi32   0x00000000        0x0
 .mdebug.abi32  0x00000000        0x0 /home/ahalyamandana/bin/bin/../../lib/gcc/pic32mx/4.8.3/../../../../pic32mx/lib/liblega-c.a(_ioinit.o)

.bss            0x00000000        0x0
 .bss           0x00000000        0x0 /home/ahalyamandana/bin/bin/../../lib/gcc/pic32mx/4.8.3/../../../../pic32mx/lib/liblega-c.a(_ioinit.o)

.data           0x00000000        0x0
 .data          0x00000000        0x0 /home/ahalyamandana/bin/bin/../../lib/gcc/pic32mx/4.8.3/../../../../pic32mx/lib/liblega-c.a(_ioinit.o)

.mdebug.abi32   0x00000000        0x0
 .mdebug.abi32  0x00000000        0x0 /home/ahalyamandana/bin/bin/../../lib/gcc/pic32mx/4.8.3/../../../../pic32mx/lib/liblega-c.a(memcpy.o)

.bss            0x00000000        0x0
 .bss           0x00000000        0x0 /home/ahalyamandana/bin/bin/../../lib/gcc/pic32mx/4.8.3/../../../../pic32mx/lib/liblega-c.a(memcpy.o)

.data           0x00000000        0x0
 .data          0x00000000        0x0 /home/ahalyamandana/bin/bin/../../lib/gcc/pic32mx/4.8.3/../../../../pic32mx/lib/liblega-c.a(memcpy.o)

.mdebug.abi32   0x00000000        0x0
 .mdebug.abi32  0x00000000        0x0 /home/ahalyamandana/bin/bin/../../lib/gcc/pic32mx/4.8.3/../../../../pic32mx/lib/liblega-c.a(memmove.o)

.bss            0x00000000        0x0
 .bss           0x00000000        0x0 /home/ahalyamandana/bin/bin/../../lib/gcc/pic32mx/4.8.3/../../../../pic32mx/lib/liblega-c.a(memmove.o)

.data           0x00000000        0x0
 .data          0x00000000        0x0 /home/ahalyamandana/bin/bin/../../lib/gcc/pic32mx/4.8.3/../../../../pic32mx/lib/liblega-c.a(memmove.o)

.mdebug.abi32   0x00000000        0x0
 .mdebug.abi32  0x00000000        0x0 /home/ahalyamandana/bin/bin/../../lib/gcc/pic32mx/4.8.3/../../../../pic32mx/lib/liblega-c.a(ungetc.o)

.bss            0x00000000        0x0
 .bss           0x00000000        0x0 /home/ahalyamandana/bin/bin/../../lib/gcc/pic32mx/4.8.3/../../../../pic32mx/lib/liblega-c.a(ungetc.o)

.data           0x00000000        0x0
 .data          0x00000000        0x0 /home/ahalyamandana/bin/bin/../../lib/gcc/pic32mx/4.8.3/../../../../pic32mx/lib/liblega-c.a(ungetc.o)

.mdebug.abi32   0x00000000        0x0
 .mdebug.abi32  0x00000000        0x0 /home/ahalyamandana/bin/bin/../../lib/gcc/pic32mx/4.8.3/../../../../pic32mx/lib/liblega-c.a(fgetc.o)

.bss            0x00000000        0x0